Archive member included to satisfy reference by file (symbol)

/usr/local/STMicroelectronics/STM32Cube_IDE/plugins/com.st.stm32cube.ide.mcu.externaltools.gnu-tools-for-stm32.10.3-2021.10.linux64_1.0.0.202111181127/tools/bin/../lib/gcc/arm-none-eabi/10.3.1/../../../../arm-none-eabi/lib/thumb/v7e-m+fp/hard/libc_nano.a(lib_a-errno.o)
                              ./Core/Src/syscalls.o (__errno)
/usr/local/STMicroelectronics/STM32Cube_IDE/plugins/com.st.stm32cube.ide.mcu.externaltools.gnu-tools-for-stm32.10.3-2021.10.linux64_1.0.0.202111181127/tools/bin/../lib/gcc/arm-none-eabi/10.3.1/../../../../arm-none-eabi/lib/thumb/v7e-m+fp/hard/libc_nano.a(lib_a-exit.o)
                              /usr/local/STMicroelectronics/STM32Cube_IDE/plugins/com.st.stm32cube.ide.mcu.externaltools.gnu-tools-for-stm32.10.3-2021.10.linux64_1.0.0.202111181127/tools/bin/../lib/gcc/arm-none-eabi/10.3.1/../../../../arm-none-eabi/lib/thumb/v7e-m+fp/hard/crt0.o (exit)
/usr/local/STMicroelectronics/STM32Cube_IDE/plugins/com.st.stm32cube.ide.mcu.externaltools.gnu-tools-for-stm32.10.3-2021.10.linux64_1.0.0.202111181127/tools/bin/../lib/gcc/arm-none-eabi/10.3.1/../../../../arm-none-eabi/lib/thumb/v7e-m+fp/hard/libc_nano.a(lib_a-impure.o)
                              /usr/local/STMicroelectronics/STM32Cube_IDE/plugins/com.st.stm32cube.ide.mcu.externaltools.gnu-tools-for-stm32.10.3-2021.10.linux64_1.0.0.202111181127/tools/bin/../lib/gcc/arm-none-eabi/10.3.1/../../../../arm-none-eabi/lib/thumb/v7e-m+fp/hard/libc_nano.a(lib_a-exit.o) (_global_impure_ptr)
/usr/local/STMicroelectronics/STM32Cube_IDE/plugins/com.st.stm32cube.ide.mcu.externaltools.gnu-tools-for-stm32.10.3-2021.10.linux64_1.0.0.202111181127/tools/bin/../lib/gcc/arm-none-eabi/10.3.1/../../../../arm-none-eabi/lib/thumb/v7e-m+fp/hard/libc_nano.a(lib_a-init.o)
                              /usr/local/STMicroelectronics/STM32Cube_IDE/plugins/com.st.stm32cube.ide.mcu.externaltools.gnu-tools-for-stm32.10.3-2021.10.linux64_1.0.0.202111181127/tools/bin/../lib/gcc/arm-none-eabi/10.3.1/../../../../arm-none-eabi/lib/thumb/v7e-m+fp/hard/crt0.o (__libc_init_array)
/usr/local/STMicroelectronics/STM32Cube_IDE/plugins/com.st.stm32cube.ide.mcu.externaltools.gnu-tools-for-stm32.10.3-2021.10.linux64_1.0.0.202111181127/tools/bin/../lib/gcc/arm-none-eabi/10.3.1/../../../../arm-none-eabi/lib/thumb/v7e-m+fp/hard/libc_nano.a(lib_a-memcmp.o)
                              ./ThirdParty/SEGGER/OS/SEGGER_SYSVIEW_FreeRTOS.o (memcmp)
/usr/local/STMicroelectronics/STM32Cube_IDE/plugins/com.st.stm32cube.ide.mcu.externaltools.gnu-tools-for-stm32.10.3-2021.10.linux64_1.0.0.202111181127/tools/bin/../lib/gcc/arm-none-eabi/10.3.1/../../../../arm-none-eabi/lib/thumb/v7e-m+fp/hard/libc_nano.a(lib_a-memcpy-stub.o)
                              ./ThirdParty/FreeRTOS/queue.o (memcpy)
/usr/local/STMicroelectronics/STM32Cube_IDE/plugins/com.st.stm32cube.ide.mcu.externaltools.gnu-tools-for-stm32.10.3-2021.10.linux64_1.0.0.202111181127/tools/bin/../lib/gcc/arm-none-eabi/10.3.1/../../../../arm-none-eabi/lib/thumb/v7e-m+fp/hard/libc_nano.a(lib_a-memset.o)
                              /usr/local/STMicroelectronics/STM32Cube_IDE/plugins/com.st.stm32cube.ide.mcu.externaltools.gnu-tools-for-stm32.10.3-2021.10.linux64_1.0.0.202111181127/tools/bin/../lib/gcc/arm-none-eabi/10.3.1/../../../../arm-none-eabi/lib/thumb/v7e-m+fp/hard/crt0.o (memset)
/usr/local/STMicroelectronics/STM32Cube_IDE/plugins/com.st.stm32cube.ide.mcu.externaltools.gnu-tools-for-stm32.10.3-2021.10.linux64_1.0.0.202111181127/tools/bin/../lib/gcc/arm-none-eabi/10.3.1/../../../../arm-none-eabi/lib/thumb/v7e-m+fp/hard/libc_nano.a(lib_a-snprintf.o)
                              ./Core/Src/main.o (snprintf)
/usr/local/STMicroelectronics/STM32Cube_IDE/plugins/com.st.stm32cube.ide.mcu.externaltools.gnu-tools-for-stm32.10.3-2021.10.linux64_1.0.0.202111181127/tools/bin/../lib/gcc/arm-none-eabi/10.3.1/../../../../arm-none-eabi/lib/thumb/v7e-m+fp/hard/libc_nano.a(lib_a-strlen.o)
                              ./ThirdParty/SEGGER/SEGGEGR/SEGGER_RTT.o (strlen)
/usr/local/STMicroelectronics/STM32Cube_IDE/plugins/com.st.stm32cube.ide.mcu.externaltools.gnu-tools-for-stm32.10.3-2021.10.linux64_1.0.0.202111181127/tools/bin/../lib/gcc/arm-none-eabi/10.3.1/../../../../arm-none-eabi/lib/thumb/v7e-m+fp/hard/libc_nano.a(lib_a-nano-svfprintf.o)
                              /usr/local/STMicroelectronics/STM32Cube_IDE/plugins/com.st.stm32cube.ide.mcu.externaltools.gnu-tools-for-stm32.10.3-2021.10.linux64_1.0.0.202111181127/tools/bin/../lib/gcc/arm-none-eabi/10.3.1/../../../../arm-none-eabi/lib/thumb/v7e-m+fp/hard/libc_nano.a(lib_a-snprintf.o) (_svfprintf_r)
/usr/local/STMicroelectronics/STM32Cube_IDE/plugins/com.st.stm32cube.ide.mcu.externaltools.gnu-tools-for-stm32.10.3-2021.10.linux64_1.0.0.202111181127/tools/bin/../lib/gcc/arm-none-eabi/10.3.1/../../../../arm-none-eabi/lib/thumb/v7e-m+fp/hard/libc_nano.a(lib_a-nano-vfprintf_i.o)
[...]
Memory Configuration

Name             Origin             Length             Attributes
CCMRAM           0x0000000010000000 0x0000000000002000 xrw
RAM              0x0000000020000000 0x000000000000a000 xrw
FLASH            0x0000000008000000 0x0000000000040000 xr
*default*        0x0000000000000000 0xffffffffffffffff

Linker script and memory map

LOAD /usr/local/STMicroelectronics/STM32Cube_IDE/plugins/com.st.stm32cube.ide.mcu.externaltools.gnu-tools-for-stm32.10.3-2021.10.linux64_1.0.0.202111181127/tools/bin/../lib/gcc/arm-none-eabi/10.3.1/thumb/v7e-m+fp/hard/crti.o
LOAD /usr/local/STMicroelectronics/STM32Cube_IDE/plugins/com.st.stm32cube.ide.mcu.externaltools.gnu-tools-for-stm32.10.3-2021.10.linux64_1.0.0.202111181127/tools/bin/../lib/gcc/arm-none-eabi/10.3.1/thumb/v7e-m+fp/hard/crtbegin.o
LOAD /usr/local/STMicroelectronics/STM32Cube_IDE/plugins/com.st.stm32cube.ide.mcu.externaltools.gnu-tools-for-stm32.10.3-2021.10.linux64_1.0.0.202111181127/tools/bin/../lib/gcc/arm-none-eabi/10.3.1/../../../../arm-none-eabi/lib/thumb/v7e-m+fp/hard/crt0.o
LOAD ./Core/Src/main.o
LOAD ./Core/Src/stm32f3xx_hal_msp.o
LOAD ./Core/Src/stm32f3xx_hal_timebase_tim.o
LOAD ./Core/Src/stm32f3xx_it.o
LOAD ./Core/Src/syscalls.o
LOAD ./Core/Src/system_stm32f3xx.o
LOAD ./Core/Startup/startup_stm32f303vctx.o
LOAD ./Drivers/STM32F3xx_HAL_Driver/Src/stm32f3xx_hal.o
LOAD ./Drivers/STM32F3xx_HAL_Driver/Src/stm32f3xx_hal_cortex.o
LOAD ./Drivers/STM32F3xx_HAL_Driver/Src/stm32f3xx_hal_dma.o
LOAD ./Drivers/STM32F3xx_HAL_Driver/Src/stm32f3xx_hal_exti.o
LOAD ./Drivers/STM32F3xx_HAL_Driver/Src/stm32f3xx_hal_flash.o
LOAD ./Drivers/STM32F3xx_HAL_Driver/Src/stm32f3xx_hal_flash_ex.o
LOAD ./Drivers/STM32F3xx_HAL_Driver/Src/stm32f3xx_hal_gpio.o
LOAD ./Drivers/STM32F3xx_HAL_Driver/Src/stm32f3xx_hal_i2c.o
LOAD ./Drivers/STM32F3xx_HAL_Driver/Src/stm32f3xx_hal_i2c_ex.o
LOAD ./Drivers/STM32F3xx_HAL_Driver/Src/stm32f3xx_hal_pwr.o
LOAD ./Drivers/STM32F3xx_HAL_Driver/Src/stm32f3xx_hal_pwr_ex.o
LOAD ./Drivers/STM32F3xx_HAL_Driver/Src/stm32f3xx_hal_rcc.o
LOAD ./Drivers/STM32F3xx_HAL_Driver/Src/stm32f3xx_hal_rcc_ex.o
LOAD ./Drivers/STM32F3xx_HAL_Driver/Src/stm32f3xx_hal_tim.o
LOAD ./Drivers/STM32F3xx_HAL_Driver/Src/stm32f3xx_hal_tim_ex.o
LOAD ./ThirdParty/FreeRTOS/croutine.o
LOAD ./ThirdParty/FreeRTOS/event_groups.o
LOAD ./ThirdParty/FreeRTOS/list.o
LOAD ./ThirdParty/FreeRTOS/queue.o
LOAD ./ThirdParty/FreeRTOS/stream_buffer.o
LOAD ./ThirdParty/FreeRTOS/tasks.o
LOAD ./ThirdParty/FreeRTOS/timers.o
LOAD ./ThirdParty/FreeRTOS/portable/GCC/ARM_CM4F/port.o
LOAD ./ThirdParty/FreeRTOS/portable/MemMang/heap_4.o
LOAD ./ThirdParty/SEGGER/Config/SEGGER_SYSVIEW_Config_FreeRTOS.o
LOAD ./ThirdParty/SEGGER/OS/SEGGER_SYSVIEW_FreeRTOS.o
LOAD ./ThirdParty/SEGGER/SEGGEGR/SEGGER_RTT.o
LOAD ./ThirdParty/SEGGER/SEGGEGR/SEGGER_RTT_ASM_ARMv7M.o
LOAD ./ThirdParty/SEGGER/SEGGEGR/SEGGER_RTT_printf.o
LOAD ./ThirdParty/SEGGER/SEGGEGR/SEGGER_SYSVIEW.o
LOAD ./ThirdParty/SEGGER/SEGGEGR/Syscalls/SEGGER_RTT_Syscalls_GCC.o
START GROUP
LOAD /usr/local/STMicroelectronics/STM32Cube_IDE/plugins/com.st.stm32cube.ide.mcu.externaltools.gnu-tools-for-stm32.10.3-2021.10.linux64_1.0.0.202111181127/tools/bin/../lib/gcc/arm-none-eabi/10.3.1/../../../../arm-none-eabi/lib/thumb/v7e-m+fp/hard/libc_nano.a
LOAD /usr/local/STMicroelectronics/STM32Cube_IDE/plugins/com.st.stm32cube.ide.mcu.externaltools.gnu-tools-for-stm32.10.3-2021.10.linux64_1.0.0.202111181127/tools/bin/../lib/gcc/arm-none-eabi/10.3.1/../../../../arm-none-eabi/lib/thumb/v7e-m+fp/hard/libm.a
END GROUP
START GROUP
LOAD /usr/local/STMicroelectronics/STM32Cube_IDE/plugins/com.st.stm32cube.ide.mcu.externaltools.gnu-tools-for-stm32.10.3-2021.10.linux64_1.0.0.202111181127/tools/bin/../lib/gcc/arm-none-eabi/10.3.1/thumb/v7e-m+fp/hard/libgcc.a
LOAD /usr/local/STMicroelectronics/STM32Cube_IDE/plugins/com.st.stm32cube.ide.mcu.externaltools.gnu-tools-for-stm32.10.3-2021.10.linux64_1.0.0.202111181127/tools/bin/../lib/gcc/arm-none-eabi/10.3.1/../../../../arm-none-eabi/lib/thumb/v7e-m+fp/hard/libc_nano.a
END GROUP
START GROUP
LOAD /usr/local/STMicroelectronics/STM32Cube_IDE/plugins/com.st.stm32cube.ide.mcu.externaltools.gnu-tools-for-stm32.10.3-2021.10.linux64_1.0.0.202111181127/tools/bin/../lib/gcc/arm-none-eabi/10.3.1/thumb/v7e-m+fp/hard/libgcc.a
LOAD /usr/local/STMicroelectronics/STM32Cube_IDE/plugins/com.st.stm32cube.ide.mcu.externaltools.gnu-tools-for-stm32.10.3-2021.10.linux64_1.0.0.202111181127/tools/bin/../lib/gcc/arm-none-eabi/10.3.1/../../../../arm-none-eabi/lib/thumb/v7e-m+fp/hard/libc_nano.a
LOAD /usr/local/STMicroelectronics/STM32Cube_IDE/plugins/com.st.stm32cube.ide.mcu.externaltools.gnu-tools-for-stm32.10.3-2021.10.linux64_1.0.0.202111181127/tools/bin/../lib/gcc/arm-none-eabi/10.3.1/../../../../arm-none-eabi/lib/thumb/v7e-m+fp/hard/libnosys.a
END GROUP
START GROUP
LOAD /usr/local/STMicroelectronics/STM32Cube_IDE/plugins/com.st.stm32cube.ide.mcu.externaltools.gnu-tools-for-stm32.10.3-2021.10.linux64_1.0.0.202111181127/tools/bin/../lib/gcc/arm-none-eabi/10.3.1/thumb/v7e-m+fp/hard/libgcc.a
LOAD /usr/local/STMicroelectronics/STM32Cube_IDE/plugins/com.st.stm32cube.ide.mcu.externaltools.gnu-tools-for-stm32.10.3-2021.10.linux64_1.0.0.202111181127/tools/bin/../lib/gcc/arm-none-eabi/10.3.1/../../../../arm-none-eabi/lib/thumb/v7e-m+fp/hard/libc_nano.a
LOAD /usr/local/STMicroelectronics/STM32Cube_IDE/plugins/com.st.stm32cube.ide.mcu.externaltools.gnu-tools-for-stm32.10.3-2021.10.linux64_1.0.0.202111181127/tools/bin/../lib/gcc/arm-none-eabi/10.3.1/../../../../arm-none-eabi/lib/thumb/v7e-m+fp/hard/libnosys.a
END GROUP
LOAD /usr/local/STMicroelectronics/STM32Cube_IDE/plugins/com.st.stm32cube.ide.mcu.externaltools.gnu-tools-for-stm32.10.3-2021.10.linux64_1.0.0.202111181127/tools/bin/../lib/gcc/arm-none-eabi/10.3.1/thumb/v7e-m+fp/hard/crtend.o
LOAD /usr/local/STMicroelectronics/STM32Cube_IDE/plugins/com.st.stm32cube.ide.mcu.externaltools.gnu-tools-for-stm32.10.3-2021.10.linux64_1.0.0.202111181127/tools/bin/../lib/gcc/arm-none-eabi/10.3.1/thumb/v7e-m+fp/hard/crtn.o
                0x000000002000a000                _estack = (ORIGIN (RAM) + LENGTH (RAM))
                0x0000000000000200                _Min_Heap_Size = 0x200
                0x0000000000000400                _Min_Stack_Size = 0x400

.isr_vector     0x0000000008000000      0x188
                0x0000000008000000                . = ALIGN (0x4)
 *(.isr_vector)
 .isr_vector    0x0000000008000000      0x188 ./Core/Startup/startup_stm32f303vctx.o
                0x0000000008000000                g_pfnVectors
                0x0000000008000188                . = ALIGN (0x4)

.text           0x0000000008000190     0x7588
                0x0000000008000190                . = ALIGN (0x4)
 *(.text)
 .text          0x0000000008000190       0x40 /usr/local/STMicroelectronics/STM32Cube_IDE/plugins/com.st.stm32cube.ide.mcu.externaltools.gnu-tools-for-stm32.10.3-2021.10.linux64_1.0.0.202111181127/tools/bin/../lib/gcc/arm-none-eabi/10.3.1/thumb/v7e-m+fp/hard/crtbegin.o
 .text          0x00000000080001d0       0x94 ./ThirdParty/SEGGER/SEGGEGR/SEGGER_RTT_ASM_ARMv7M.o
                0x00000000080001d0                SEGGER_RTT_ASM_WriteSkipNoLock
 *fill*         0x0000000008000264        0xc 
 .text          0x0000000008000270       0xa0 /usr/local/STMicroelectronics/STM32Cube_IDE/plugins/com.st.stm32cube.ide.mcu.externaltools.gnu-tools-for-stm32.10.3-2021.10.linux64_1.0.0.202111181127/tools/bin/../lib/gcc/arm-none-eabi/10.3.1/../../../../arm-none-eabi/lib/thumb/v7e-m+fp/hard/libc_nano.a(lib_a-memchr.o)
                0x0000000008000270                memchr
 *(.text*)
 .text.main     0x0000000008000310       0xb4 ./Core/Src/main.o
                0x0000000008000310                main
 .text.SystemClock_Config
                0x00000000080003c4       0x82 ./Core/Src/main.o
                0x00000000080003c4                SystemClock_Config
 *fill*         0x0000000008000446        0x2 
 .text.MX_GPIO_Init
                0x0000000008000448      0x168 ./Core/Src/main.o
 .text.task1_handler
                0x00000000080005b0       0x3c ./Core/Src/main.o
 .text.task2_handler
                0x00000000080005ec       0x3c ./Core/Src/main.o
 .text.HAL_TIM_PeriodElapsedCallback
                0x0000000008000628       0x24 ./Core/Src/main.o
                0x0000000008000628                HAL_TIM_PeriodElapsedCallback
 .text.Error_Handler
                0x000000000800064c        0xa ./Core/Src/main.o
                0x000000000800064c                Error_Handler
 *fill*         0x0000000008000656        0x2 
 .text.HAL_MspInit
                0x0000000008000658       0x48 ./Core/Src/stm32f3xx_hal_msp.o
                0x0000000008000658                HAL_MspInit
 .text.HAL_InitTick
                0x00000000080006a0       0xf4 ./Core/Src/stm32f3xx_hal_timebase_tim.o
                0x00000000080006a0                HAL_InitTick
 .text.NMI_Handler
                0x0000000008000794        0x6 ./Core/Src/stm32f3xx_it.o
                0x0000000008000794                NMI_Handler
 .text.HardFault_Handler
                0x000000000800079a        0x6 ./Core/Src/stm32f3xx_it.o
                0x000000000800079a                HardFault_Handler
 .text.MemManage_Handler
                0x00000000080007a0        0x6 ./Core/Src/stm32f3xx_it.o
                0x00000000080007a0                MemManage_Handler
 .text.BusFault_Handler
                0x00000000080007a6        0x6 ./Core/Src/stm32f3xx_it.o
                0x00000000080007a6                BusFault_Handler
 .text.UsageFault_Handler
                0x00000000080007ac        0x6 ./Core/Src/stm32f3xx_it.o
                0x00000000080007ac                UsageFault_Handler
 .text.DebugMon_Handler
                0x00000000080007b2        0xe ./Core/Src/stm32f3xx_it.o
                0x00000000080007b2                DebugMon_Handler
 .text.TIM6_DAC_IRQHandler
                0x00000000080007c0       0x14 ./Core/Src/stm32f3xx_it.o
                0x00000000080007c0                TIM6_DAC_IRQHandler
 .text.SystemInit
                0x00000000080007d4       0x24 ./Core/Src/system_stm32f3xx.o
                0x00000000080007d4                SystemInit
 .text.Reset_Handler
                0x00000000080007f8       0x50 ./Core/Startup/startup_stm32f303vctx.o
                0x00000000080007f8                Reset_Handler
 .text.Default_Handler
                0x0000000008000848        0x2 ./Core/Startup/startup_stm32f303vctx.o
                0x0000000008000848                RTC_Alarm_IRQHandler
                0x0000000008000848                TIM8_TRG_COM_IRQHandler
                0x0000000008000848                TIM8_CC_IRQHandler
                0x0000000008000848                TIM1_CC_IRQHandler
                0x0000000008000848                USB_HP_IRQHandler
                0x0000000008000848                PVD_IRQHandler
                0x0000000008000848                TAMP_STAMP_IRQHandler
                0x0000000008000848                EXTI3_IRQHandler
                0x0000000008000848                USB_HP_CAN_TX_IRQHandler
                0x0000000008000848                EXTI0_IRQHandler
                0x0000000008000848                I2C2_EV_IRQHandler
                0x0000000008000848                FPU_IRQHandler
                0x0000000008000848                TIM1_UP_TIM16_IRQHandler
                0x0000000008000848                ADC1_2_IRQHandler
                0x0000000008000848                SPI1_IRQHandler
                0x0000000008000848                CAN_SCE_IRQHandler
                0x0000000008000848                TIM8_UP_IRQHandler
                0x0000000008000848                DMA2_Channel2_IRQHandler
                0x0000000008000848                DMA1_Channel4_IRQHandler
                0x0000000008000848                USART3_IRQHandler
                0x0000000008000848                DMA1_Channel7_IRQHandler
                0x0000000008000848                UART5_IRQHandler
                0x0000000008000848                ADC3_IRQHandler
                0x0000000008000848                TIM4_IRQHandler
                0x0000000008000848                CAN_RX1_IRQHandler
                0x0000000008000848                DMA2_Channel1_IRQHandler
                0x0000000008000848                I2C1_EV_IRQHandler
                0x0000000008000848                DMA1_Channel6_IRQHandler
                0x0000000008000848                UART4_IRQHandler
                0x0000000008000848                DMA2_Channel4_IRQHandler
                0x0000000008000848                TIM3_IRQHandler
                0x0000000008000848                RCC_IRQHandler
                0x0000000008000848                DMA1_Channel1_IRQHandler
                0x0000000008000848                Default_Handler
                0x0000000008000848                USBWakeUp_RMP_IRQHandler
                0x0000000008000848                EXTI15_10_IRQHandler
                0x0000000008000848                TIM7_IRQHandler
                0x0000000008000848                EXTI9_5_IRQHandler
                0x0000000008000848                RTC_WKUP_IRQHandler
                0x0000000008000848                SPI2_IRQHandler
                0x0000000008000848                USB_LP_CAN_RX0_IRQHandler
                0x0000000008000848                DMA2_Channel5_IRQHandler
                0x0000000008000848                DMA1_Channel5_IRQHandler
                0x0000000008000848                USB_LP_IRQHandler
                0x0000000008000848                EXTI4_IRQHandler
                0x0000000008000848                TIM1_TRG_COM_TIM17_IRQHandler
                0x0000000008000848                DMA1_Channel3_IRQHandler
                0x0000000008000848                ADC4_IRQHandler
                0x0000000008000848                WWDG_IRQHandler
                0x0000000008000848                TIM2_IRQHandler
                0x0000000008000848                COMP7_IRQHandler
                0x0000000008000848                COMP1_2_3_IRQHandler
                0x0000000008000848                EXTI1_IRQHandler
                0x0000000008000848                USART2_IRQHandler
                0x0000000008000848                COMP4_5_6_IRQHandler
                0x0000000008000848                I2C2_ER_IRQHandler
                0x0000000008000848                DMA1_Channel2_IRQHandler
                0x0000000008000848                TIM8_BRK_IRQHandler
                0x0000000008000848                FLASH_IRQHandler
                0x0000000008000848                USART1_IRQHandler
                0x0000000008000848                SPI3_IRQHandler
                0x0000000008000848                I2C1_ER_IRQHandler
                0x0000000008000848                USBWakeUp_IRQHandler
                0x0000000008000848                DMA2_Channel3_IRQHandler
                0x0000000008000848                EXTI2_TSC_IRQHandler
                0x0000000008000848                TIM1_BRK_TIM15_IRQHandler
 *fill*         0x000000000800084a        0x2 
 .text.HAL_Init
                0x000000000800084c       0x2c ./Drivers/STM32F3xx_HAL_Driver/Src/stm32f3xx_hal.o
                0x000000000800084c                HAL_Init
 .text.HAL_IncTick
                0x0000000008000878       0x28 ./Drivers/STM32F3xx_HAL_Driver/Src/stm32f3xx_hal.o
                0x0000000008000878                HAL_IncTick
 .text.HAL_GetTick
                0x00000000080008a0       0x18 ./Drivers/STM32F3xx_HAL_Driver/Src/stm32f3xx_hal.o
                0x00000000080008a0                HAL_GetTick
 .text.__NVIC_SetPriorityGrouping
                0x00000000080008b8       0x48 ./Drivers/STM32F3xx_HAL_Driver/Src/stm32f3xx_hal_cortex.o
 .text.__NVIC_GetPriorityGrouping
                0x0000000008000900       0x1c ./Drivers/STM32F3xx_HAL_Driver/Src/stm32f3xx_hal_cortex.o
 .text.__NVIC_EnableIRQ
                0x000000000800091c       0x3c ./Drivers/STM32F3xx_HAL_Driver/Src/stm32f3xx_hal_cortex.o
 .text.__NVIC_SetPriority
                0x0000000008000958       0x54 ./Drivers/STM32F3xx_HAL_Driver/Src/stm32f3xx_hal_cortex.o
 .text.NVIC_EncodePriority
                0x00000000080009ac       0x66 ./Drivers/STM32F3xx_HAL_Driver/Src/stm32f3xx_hal_cortex.o
 .text.HAL_NVIC_SetPriorityGrouping
                0x0000000008000a12       0x16 ./Drivers/STM32F3xx_HAL_Driver/Src/stm32f3xx_hal_cortex.o
                0x0000000008000a12                HAL_NVIC_SetPriorityGrouping
 .text.HAL_NVIC_SetPriority
                0x0000000008000a28       0x38 ./Drivers/STM32F3xx_HAL_Driver/Src/stm32f3xx_hal_cortex.o
                0x0000000008000a28                HAL_NVIC_SetPriority
 .text.HAL_NVIC_EnableIRQ
                0x0000000008000a60       0x1c ./Drivers/STM32F3xx_HAL_Driver/Src/stm32f3xx_hal_cortex.o
                0x0000000008000a60                HAL_NVIC_EnableIRQ
 .text.HAL_GPIO_Init
                0x0000000008000a7c      0x2f4 ./Drivers/STM32F3xx_HAL_Driver/Src/stm32f3xx_hal_gpio.o
                0x0000000008000a7c                HAL_GPIO_Init
 .text.HAL_GPIO_WritePin
                0x0000000008000d70       0x30 ./Drivers/STM32F3xx_HAL_Driver/Src/stm32f3xx_hal_gpio.o
                0x0000000008000d70                HAL_GPIO_WritePin
 .text.HAL_RCC_OscConfig
                0x0000000008000da0     0x107c ./Drivers/STM32F3xx_HAL_Driver/Src/stm32f3xx_hal_rcc.o
                0x0000000008000da0                HAL_RCC_OscConfig
 .text.HAL_RCC_ClockConfig
                0x0000000008001e1c      0x2f8 ./Drivers/STM32F3xx_HAL_Driver/Src/stm32f3xx_hal_rcc.o
                0x0000000008001e1c                HAL_RCC_ClockConfig
 .text.HAL_RCC_GetSysClockFreq
                0x0000000008002114       0xd4 ./Drivers/STM32F3xx_HAL_Driver/Src/stm32f3xx_hal_rcc.o
                0x0000000008002114                HAL_RCC_GetSysClockFreq
 .text.HAL_RCC_GetHCLKFreq
                0x00000000080021e8       0x18 ./Drivers/STM32F3xx_HAL_Driver/Src/stm32f3xx_hal_rcc.o
                0x00000000080021e8                HAL_RCC_GetHCLKFreq
 .text.HAL_RCC_GetPCLK1Freq
                0x0000000008002200       0x44 ./Drivers/STM32F3xx_HAL_Driver/Src/stm32f3xx_hal_rcc.o
                0x0000000008002200                HAL_RCC_GetPCLK1Freq
 .text.HAL_RCC_GetClockConfig
                0x0000000008002244       0x64 ./Drivers/STM32F3xx_HAL_Driver/Src/stm32f3xx_hal_rcc.o
                0x0000000008002244                HAL_RCC_GetClockConfig
 .text.HAL_TIM_Base_Init
                0x00000000080022a8       0xae ./Drivers/STM32F3xx_HAL_Driver/Src/stm32f3xx_hal_tim.o
                0x00000000080022a8                HAL_TIM_Base_Init
 .text.HAL_TIM_Base_MspInit
                0x0000000008002356       0x14 ./Drivers/STM32F3xx_HAL_Driver/Src/stm32f3xx_hal_tim.o
                0x0000000008002356                HAL_TIM_Base_MspInit
 *fill*         0x000000000800236a        0x2 
 .text.HAL_TIM_Base_Start_IT
                0x000000000800236c       0xd4 ./Drivers/STM32F3xx_HAL_Driver/Src/stm32f3xx_hal_tim.o
                0x000000000800236c                HAL_TIM_Base_Start_IT
 .text.HAL_TIM_IRQHandler
                0x0000000008002440      0x23e ./Drivers/STM32F3xx_HAL_Driver/Src/stm32f3xx_hal_tim.o
                0x0000000008002440                HAL_TIM_IRQHandler
 .text.HAL_TIM_OC_DelayElapsedCallback
                0x000000000800267e       0x14 ./Drivers/STM32F3xx_HAL_Driver/Src/stm32f3xx_hal_tim.o
                0x000000000800267e                HAL_TIM_OC_DelayElapsedCallback
 .text.HAL_TIM_IC_CaptureCallback
                0x0000000008002692       0x14 ./Drivers/STM32F3xx_HAL_Driver/Src/stm32f3xx_hal_tim.o
                0x0000000008002692                HAL_TIM_IC_CaptureCallback
 .text.HAL_TIM_PWM_PulseFinishedCallback
                0x00000000080026a6       0x14 ./Drivers/STM32F3xx_HAL_Driver/Src/stm32f3xx_hal_tim.o
                0x00000000080026a6                HAL_TIM_PWM_PulseFinishedCallback
 .text.HAL_TIM_TriggerCallback
                0x00000000080026ba       0x14 ./Drivers/STM32F3xx_HAL_Driver/Src/stm32f3xx_hal_tim.o
                0x00000000080026ba                HAL_TIM_TriggerCallback
 *fill*         0x00000000080026ce        0x2 
 .text.TIM_Base_SetConfig
                0x00000000080026d0      0x120 ./Drivers/STM32F3xx_HAL_Driver/Src/stm32f3xx_hal_tim.o
                0x00000000080026d0                TIM_Base_SetConfig
 .text.HAL_TIMEx_CommutCallback
                0x00000000080027f0       0x14 ./Drivers/STM32F3xx_HAL_Driver/Src/stm32f3xx_hal_tim_ex.o
                0x00000000080027f0                HAL_TIMEx_CommutCallback
 .text.HAL_TIMEx_BreakCallback
                0x0000000008002804       0x14 ./Drivers/STM32F3xx_HAL_Driver/Src/stm32f3xx_hal_tim_ex.o
                0x0000000008002804                HAL_TIMEx_BreakCallback
 .text.HAL_TIMEx_Break2Callback
                0x0000000008002818       0x14 ./Drivers/STM32F3xx_HAL_Driver/Src/stm32f3xx_hal_tim_ex.o
                0x0000000008002818                HAL_TIMEx_Break2Callback
 .text.vListInitialise
                0x000000000800282c       0x40 ./ThirdParty/FreeRTOS/list.o
                0x000000000800282c                vListInitialise
 .text.vListInitialiseItem
                0x000000000800286c       0x1a ./ThirdParty/FreeRTOS/list.o
                0x000000000800286c                vListInitialiseItem
 .text.vListInsert
                0x0000000008002886       0x72 ./ThirdParty/FreeRTOS/list.o
                0x0000000008002886                vListInsert
 .text.uxListRemove
                0x00000000080028f8       0x54 ./ThirdParty/FreeRTOS/list.o
                0x00000000080028f8                uxListRemove
 .text.xQueueGenericReset
                0x000000000800294c      0x104 ./ThirdParty/FreeRTOS/queue.o
                0x000000000800294c                xQueueGenericReset
 .text.xQueueGenericCreate
                0x0000000008002a50       0x9c ./ThirdParty/FreeRTOS/queue.o
                0x0000000008002a50                xQueueGenericCreate
 .text.prvInitialiseNewQueue
                0x0000000008002aec       0x52 ./ThirdParty/FreeRTOS/queue.o
 *fill*         0x0000000008002b3e        0x2 
 .text.xQueueReceive
                0x0000000008002b40      0x20c ./ThirdParty/FreeRTOS/queue.o
                0x0000000008002b40                xQueueReceive
 .text.prvCopyDataFromQueue
                0x0000000008002d4c       0x4c ./ThirdParty/FreeRTOS/queue.o
 .text.prvUnlockQueue
                0x0000000008002d98       0xa4 ./ThirdParty/FreeRTOS/queue.o
 .text.prvIsQueueEmpty
                0x0000000008002e3c       0x2c ./ThirdParty/FreeRTOS/queue.o
 .text.vQueueAddToRegistry
                0x0000000008002e68       0xac ./ThirdParty/FreeRTOS/queue.o
                0x0000000008002e68                vQueueAddToRegistry
 .text.vQueueWaitForMessageRestricted
                0x0000000008002f14       0x68 ./ThirdParty/FreeRTOS/queue.o
                0x0000000008002f14                vQueueWaitForMessageRestricted
 .text.xTaskCreate
                0x0000000008002f7c       0x8c ./ThirdParty/FreeRTOS/tasks.o
                0x0000000008002f7c                xTaskCreate
 .text.prvInitialiseNewTask
                0x0000000008003008      0x11c ./ThirdParty/FreeRTOS/tasks.o
 .text.prvAddNewTaskToReadyList
                0x0000000008003124      0x14c ./ThirdParty/FreeRTOS/tasks.o
 .text.vTaskStartScheduler
                0x0000000008003270       0xc4 ./ThirdParty/FreeRTOS/tasks.o
                0x0000000008003270                vTaskStartScheduler
 .text.vTaskSuspendAll
                0x0000000008003334       0x1c ./ThirdParty/FreeRTOS/tasks.o
                0x0000000008003334                vTaskSuspendAll
 .text.xTaskResumeAll
                0x0000000008003350      0x1e4 ./ThirdParty/FreeRTOS/tasks.o
                0x0000000008003350                xTaskResumeAll
 .text.xTaskGetTickCount
                0x0000000008003534       0x20 ./ThirdParty/FreeRTOS/tasks.o
                0x0000000008003534                xTaskGetTickCount
 .text.xTaskGetTickCountFromISR
                0x0000000008003554       0x24 ./ThirdParty/FreeRTOS/tasks.o
                0x0000000008003554                xTaskGetTickCountFromISR
 .text.xTaskIncrementTick
                0x0000000008003578      0x1f0 ./ThirdParty/FreeRTOS/tasks.o
                0x0000000008003578                xTaskIncrementTick
 .text.vTaskSwitchContext
                0x0000000008003768       0xd4 ./ThirdParty/FreeRTOS/tasks.o
                0x0000000008003768                vTaskSwitchContext
 .text.vTaskPlaceOnEventList
                0x000000000800383c       0x48 ./ThirdParty/FreeRTOS/tasks.o
                0x000000000800383c                vTaskPlaceOnEventList
 .text.vTaskPlaceOnEventListRestricted
                0x0000000008003884       0x90 ./ThirdParty/FreeRTOS/tasks.o
                0x0000000008003884                vTaskPlaceOnEventListRestricted
 .text.xTaskRemoveFromEventList
                0x0000000008003914      0x1b0 ./ThirdParty/FreeRTOS/tasks.o
                0x0000000008003914                xTaskRemoveFromEventList
 .text.vTaskInternalSetTimeOutState
                0x0000000008003ac4       0x2c ./ThirdParty/FreeRTOS/tasks.o
                0x0000000008003ac4                vTaskInternalSetTimeOutState
 .text.xTaskCheckForTimeOut
                0x0000000008003af0       0xcc ./ThirdParty/FreeRTOS/tasks.o
                0x0000000008003af0                xTaskCheckForTimeOut
 .text.vTaskMissedYield
                0x0000000008003bbc       0x18 ./ThirdParty/FreeRTOS/tasks.o
                0x0000000008003bbc                vTaskMissedYield
 .text.prvIdleTask
                0x0000000008003bd4       0x24 ./ThirdParty/FreeRTOS/tasks.o
 .text.prvInitialiseTaskLists
                0x0000000008003bf8       0x80 ./ThirdParty/FreeRTOS/tasks.o
 .text.prvCheckTasksWaitingTermination
                0x0000000008003c78       0x5c ./ThirdParty/FreeRTOS/tasks.o
 .text.prvDeleteTCB
                0x0000000008003cd4       0x20 ./ThirdParty/FreeRTOS/tasks.o
 .text.prvResetNextTaskUnblockTime
                0x0000000008003cf4       0x38 ./ThirdParty/FreeRTOS/tasks.o
 .text.xTaskGetSchedulerState
                0x0000000008003d2c       0x3c ./ThirdParty/FreeRTOS/tasks.o
                0x0000000008003d2c                xTaskGetSchedulerState
 .text.prvAddCurrentTaskToDelayedList
                0x0000000008003d68      0x100 ./ThirdParty/FreeRTOS/tasks.o
 .text.xTimerCreateTimerTask
                0x0000000008003e68       0x64 ./ThirdParty/FreeRTOS/timers.o
                0x0000000008003e68                xTimerCreateTimerTask
 .text.prvReloadTimer
                0x0000000008003ecc       0x42 ./ThirdParty/FreeRTOS/timers.o
 *fill*         0x0000000008003f0e        0x2 
 .text.prvProcessExpiredTimer
                0x0000000008003f10       0x60 ./ThirdParty/FreeRTOS/timers.o
 .text.prvTimerTask
                0x0000000008003f70       0x24 ./ThirdParty/FreeRTOS/timers.o
 .text.prvProcessTimerOrBlockTask
                0x0000000008003f94       0x9c ./ThirdParty/FreeRTOS/timers.o
 .text.prvGetNextExpireTime
                0x0000000008004030       0x48 ./ThirdParty/FreeRTOS/timers.o
 .text.prvSampleTimeNow
                0x0000000008004078       0x40 ./ThirdParty/FreeRTOS/timers.o
 .text.prvInsertTimerInActiveList
                0x00000000080040b8       0x84 ./ThirdParty/FreeRTOS/timers.o
 .text.prvProcessReceivedCommands
                0x000000000800413c      0x17c ./ThirdParty/FreeRTOS/timers.o
 .text.prvSwitchTimerLists
                0x00000000080042b8       0x4c ./ThirdParty/FreeRTOS/timers.o
 .text.prvCheckForValidListAndQueue
                0x0000000008004304       0x6c ./ThirdParty/FreeRTOS/timers.o
 .text.pxPortInitialiseStack
                0x0000000008004370       0x68 ./ThirdParty/FreeRTOS/portable/GCC/ARM_CM4F/port.o
                0x0000000008004370                pxPortInitialiseStack
 .text.prvTaskExitError
                0x00000000080043d8       0x58 ./ThirdParty/FreeRTOS/portable/GCC/ARM_CM4F/port.o
 .text.SVC_Handler
                0x0000000008004430       0x28 ./ThirdParty/FreeRTOS/portable/GCC/ARM_CM4F/port.o
                0x0000000008004430                SVC_Handler
 .text.prvPortStartFirstTask
                0x0000000008004458       0x2c ./ThirdParty/FreeRTOS/portable/GCC/ARM_CM4F/port.o
 .text.xPortStartScheduler
                0x0000000008004484      0x144 ./ThirdParty/FreeRTOS/portable/GCC/ARM_CM4F/port.o
                0x0000000008004484                xPortStartScheduler
 .text.vInitPrioGroupValue
                0x00000000080045c8       0xfc ./ThirdParty/FreeRTOS/portable/GCC/ARM_CM4F/port.o
                0x00000000080045c8                vInitPrioGroupValue
 .text.vPortEnterCritical
                0x00000000080046c4       0x60 ./ThirdParty/FreeRTOS/portable/GCC/ARM_CM4F/port.o
                0x00000000080046c4                vPortEnterCritical
 .text.vPortExitCritical
                0x0000000008004724       0x54 ./ThirdParty/FreeRTOS/portable/GCC/ARM_CM4F/port.o
                0x0000000008004724                vPortExitCritical
 *fill*         0x0000000008004778        0x8 
 .text.PendSV_Handler
                0x0000000008004780       0x68 ./ThirdParty/FreeRTOS/portable/GCC/ARM_CM4F/port.o
                0x0000000008004780                PendSV_Handler
 .text.SysTick_Handler
                0x00000000080047e8       0x54 ./ThirdParty/FreeRTOS/portable/GCC/ARM_CM4F/port.o
                0x00000000080047e8                SysTick_Handler
 .text.vPortSetupTimerInterrupt
                0x000000000800483c       0x48 ./ThirdParty/FreeRTOS/portable/GCC/ARM_CM4F/port.o
                0x000000000800483c                vPortSetupTimerInterrupt
 .text.vPortEnableVFP
                0x0000000008004884       0x18 ./ThirdParty/FreeRTOS/portable/GCC/ARM_CM4F/port.o
 .text.vPortValidateInterruptPriority
                0x000000000800489c       0x80 ./ThirdParty/FreeRTOS/portable/GCC/ARM_CM4F/port.o
                0x000000000800489c                vPortValidateInterruptPriority
 .text.pvPortMalloc
                0x000000000800491c      0x174 ./ThirdParty/FreeRTOS/portable/MemMang/heap_4.o
                0x000000000800491c                pvPortMalloc
 .text.vPortFree
                0x0000000008004a90       0xb8 ./ThirdParty/FreeRTOS/portable/MemMang/heap_4.o
                0x0000000008004a90                vPortFree
 .text.prvHeapInit
                0x0000000008004b48       0xb8 ./ThirdParty/FreeRTOS/portable/MemMang/heap_4.o
 .text.prvInsertBlockIntoFreeList
                0x0000000008004c00       0xb4 ./ThirdParty/FreeRTOS/portable/MemMang/heap_4.o
 .text._cbSendSystemDesc
                0x0000000008004cb4       0x1c ./ThirdParty/SEGGER/Config/SEGGER_SYSVIEW_Config_FreeRTOS.o
 .text.SEGGER_SYSVIEW_Conf
                0x0000000008004cd0       0x2c ./ThirdParty/SEGGER/Config/SEGGER_SYSVIEW_Config_FreeRTOS.o
                0x0000000008004cd0                SEGGER_SYSVIEW_Conf
 .text._cbSendTaskList
                0x0000000008004cfc       0x90 ./ThirdParty/SEGGER/OS/SEGGER_SYSVIEW_FreeRTOS.o
 .text._cbGetTime
                0x0000000008004d8c       0x86 ./ThirdParty/SEGGER/OS/SEGGER_SYSVIEW_FreeRTOS.o
 *fill*         0x0000000008004e12        0x2 
 .text.SYSVIEW_AddTask
                0x0000000008004e14       0xd0 ./ThirdParty/SEGGER/OS/SEGGER_SYSVIEW_FreeRTOS.o
                0x0000000008004e14                SYSVIEW_AddTask
 .text.SYSVIEW_SendTaskInfo
                0x0000000008004ee4       0x42 ./ThirdParty/SEGGER/OS/SEGGER_SYSVIEW_FreeRTOS.o
                0x0000000008004ee4                SYSVIEW_SendTaskInfo
 *fill*         0x0000000008004f26        0x2 
 .text._DoInit  0x0000000008004f28       0xb0 ./ThirdParty/SEGGER/SEGGEGR/SEGGER_RTT.o
 .text.SEGGER_RTT_ReadNoLock
                0x0000000008004fd8      0x10c ./ThirdParty/SEGGER/SEGGEGR/SEGGER_RTT.o
                0x0000000008004fd8                SEGGER_RTT_ReadNoLock
 .text.SEGGER_RTT_AllocUpBuffer
                0x00000000080050e4      0x108 ./ThirdParty/SEGGER/SEGGEGR/SEGGER_RTT.o
                0x00000000080050e4                SEGGER_RTT_AllocUpBuffer
 .text.SEGGER_RTT_ConfigDownBuffer
                0x00000000080051ec       0xe0 ./ThirdParty/SEGGER/SEGGEGR/SEGGER_RTT.o
                0x00000000080051ec                SEGGER_RTT_ConfigDownBuffer
 .text._EncodeStr
                0x00000000080052cc       0x9a ./ThirdParty/SEGGER/SEGGEGR/SEGGER_SYSVIEW.o
 .text._PreparePacket
                0x0000000008005366       0x18 ./ThirdParty/SEGGER/SEGGEGR/SEGGER_SYSVIEW.o
 *fill*         0x000000000800537e        0x2 
 .text._HandleIncomingPacket
                0x0000000008005380       0xe4 ./ThirdParty/SEGGER/SEGGEGR/SEGGER_SYSVIEW.o
 .text._TrySendOverflowPacket
                0x0000000008005464       0xe4 ./ThirdParty/SEGGER/SEGGEGR/SEGGER_SYSVIEW.o
 .text._SendPacket
                0x0000000008005548      0x1cc ./ThirdParty/SEGGER/SEGGEGR/SEGGER_SYSVIEW.o
 .text._StoreChar
                0x0000000008005714       0xf6 ./ThirdParty/SEGGER/SEGGEGR/SEGGER_SYSVIEW.o
 *fill*         0x000000000800580a        0x2 
 .text._PrintUnsigned
                0x000000000800580c      0x12c ./ThirdParty/SEGGER/SEGGEGR/SEGGER_SYSVIEW.o
 .text._PrintInt
                0x0000000008005938      0x11e ./ThirdParty/SEGGER/SEGGEGR/SEGGER_SYSVIEW.o
 *fill*         0x0000000008005a56        0x2 
 .text._VPrintTarget
                0x0000000008005a58      0x3f0 ./ThirdParty/SEGGER/SEGGEGR/SEGGER_SYSVIEW.o
 .text.SEGGER_SYSVIEW_Init
                0x0000000008005e48       0x88 ./ThirdParty/SEGGER/SEGGEGR/SEGGER_SYSVIEW.o
                0x0000000008005e48                SEGGER_SYSVIEW_Init
 .text.SEGGER_SYSVIEW_SetRAMBase
                0x0000000008005ed0       0x20 ./ThirdParty/SEGGER/SEGGEGR/SEGGER_SYSVIEW.o
                0x0000000008005ed0                SEGGER_SYSVIEW_SetRAMBase
 .text.SEGGER_SYSVIEW_RecordVoid
                0x0000000008005ef0       0x3c ./ThirdParty/SEGGER/SEGGEGR/SEGGER_SYSVIEW.o
                0x0000000008005ef0                SEGGER_SYSVIEW_RecordVoid
 .text.SEGGER_SYSVIEW_RecordU32
                0x0000000008005f2c       0x78 ./ThirdParty/SEGGER/SEGGEGR/SEGGER_SYSVIEW.o
                0x0000000008005f2c                SEGGER_SYSVIEW_RecordU32
 .text.SEGGER_SYSVIEW_RecordU32x2
                0x0000000008005fa4       0xb4 ./ThirdParty/SEGGER/SEGGEGR/SEGGER_SYSVIEW.o
                0x0000000008005fa4                SEGGER_SYSVIEW_RecordU32x2
 .text.SEGGER_SYSVIEW_RecordU32x3
                0x0000000008006058       0xec ./ThirdParty/SEGGER/SEGGEGR/SEGGER_SYSVIEW.o
                0x0000000008006058                SEGGER_SYSVIEW_RecordU32x3
 .text.SEGGER_SYSVIEW_RecordU32x4
                0x0000000008006144      0x124 ./ThirdParty/SEGGER/SEGGEGR/SEGGER_SYSVIEW.o
                0x0000000008006144                SEGGER_SYSVIEW_RecordU32x4
 .text.SEGGER_SYSVIEW_Start
                0x0000000008006268      0x174 ./ThirdParty/SEGGER/SEGGEGR/SEGGER_SYSVIEW.o
                0x0000000008006268                SEGGER_SYSVIEW_Start
 .text.SEGGER_SYSVIEW_Stop
                0x00000000080063dc       0x4c ./ThirdParty/SEGGER/SEGGEGR/SEGGER_SYSVIEW.o
                0x00000000080063dc                SEGGER_SYSVIEW_Stop
 .text.SEGGER_SYSVIEW_GetSysDesc
                0x0000000008006428      0x134 ./ThirdParty/SEGGER/SEGGEGR/SEGGER_SYSVIEW.o
                0x0000000008006428                SEGGER_SYSVIEW_GetSysDesc
 .text.SEGGER_SYSVIEW_SendTaskInfo
                0x000000000800655c      0x1c8 ./ThirdParty/SEGGER/SEGGEGR/SEGGER_SYSVIEW.o
                0x000000000800655c                SEGGER_SYSVIEW_SendTaskInfo
 .text.SEGGER_SYSVIEW_SendTaskList
                0x0000000008006724       0x28 ./ThirdParty/SEGGER/SEGGEGR/SEGGER_SYSVIEW.o
                0x0000000008006724                SEGGER_SYSVIEW_SendTaskList
 .text.SEGGER_SYSVIEW_SendSysDesc
                0x000000000800674c       0x48 ./ThirdParty/SEGGER/SEGGEGR/SEGGER_SYSVIEW.o
                0x000000000800674c                SEGGER_SYSVIEW_SendSysDesc
 .text.SEGGER_SYSVIEW_RecordSystime
                0x0000000008006794       0x64 ./ThirdParty/SEGGER/SEGGEGR/SEGGER_SYSVIEW.o
                0x0000000008006794                SEGGER_SYSVIEW_RecordSystime
 .text.SEGGER_SYSVIEW_RecordEnterISR
                0x00000000080067f8       0x84 ./ThirdParty/SEGGER/SEGGEGR/SEGGER_SYSVIEW.o
                0x00000000080067f8                SEGGER_SYSVIEW_RecordEnterISR
 .text.SEGGER_SYSVIEW_RecordExitISR
                0x000000000800687c       0x38 ./ThirdParty/SEGGER/SEGGEGR/SEGGER_SYSVIEW.o
                0x000000000800687c                SEGGER_SYSVIEW_RecordExitISR
 .text.SEGGER_SYSVIEW_RecordExitISRToScheduler
                0x00000000080068b4       0x38 ./ThirdParty/SEGGER/SEGGEGR/SEGGER_SYSVIEW.o
                0x00000000080068b4                SEGGER_SYSVIEW_RecordExitISRToScheduler
 .text.SEGGER_SYSVIEW_OnIdle
                0x00000000080068ec       0x38 ./ThirdParty/SEGGER/SEGGEGR/SEGGER_SYSVIEW.o
                0x00000000080068ec                SEGGER_SYSVIEW_OnIdle
 .text.SEGGER_SYSVIEW_OnTaskCreate
                0x0000000008006924       0x84 ./ThirdParty/SEGGER/SEGGEGR/SEGGER_SYSVIEW.o
                0x0000000008006924                SEGGER_SYSVIEW_OnTaskCreate
 .text.SEGGER_SYSVIEW_OnTaskStartExec
                0x00000000080069a8       0x84 ./ThirdParty/SEGGER/SEGGEGR/SEGGER_SYSVIEW.o
                0x00000000080069a8                SEGGER_SYSVIEW_OnTaskStartExec
 .text.SEGGER_SYSVIEW_OnTaskStartReady
                0x0000000008006a2c       0x84 ./ThirdParty/SEGGER/SEGGEGR/SEGGER_SYSVIEW.o
                0x0000000008006a2c                SEGGER_SYSVIEW_OnTaskStartReady
 .text.SEGGER_SYSVIEW_ShrinkId
                0x0000000008006ab0       0x20 ./ThirdParty/SEGGER/SEGGEGR/SEGGER_SYSVIEW.o
                0x0000000008006ab0                SEGGER_SYSVIEW_ShrinkId
 .text.SEGGER_SYSVIEW_SendModule
                0x0000000008006ad0      0x100 ./ThirdParty/SEGGER/SEGGEGR/SEGGER_SYSVIEW.o
                0x0000000008006ad0                SEGGER_SYSVIEW_SendModule
 .text.SEGGER_SYSVIEW_SendModuleDescription
                0x0000000008006bd0       0x3c ./ThirdParty/SEGGER/SEGGEGR/SEGGER_SYSVIEW.o
                0x0000000008006bd0                SEGGER_SYSVIEW_SendModuleDescription
 .text.SEGGER_SYSVIEW_SendNumModules
                0x0000000008006c0c       0x7c ./ThirdParty/SEGGER/SEGGEGR/SEGGER_SYSVIEW.o
                0x0000000008006c0c                SEGGER_SYSVIEW_SendNumModules
 .text.SEGGER_SYSVIEW_PrintfTarget
                0x0000000008006c88       0x28 ./ThirdParty/SEGGER/SEGGEGR/SEGGER_SYSVIEW.o
                0x0000000008006c88                SEGGER_SYSVIEW_PrintfTarget
 .text.SEGGER_SYSVIEW_Warn
                0x0000000008006cb0       0xb8 ./ThirdParty/SEGGER/SEGGEGR/SEGGER_SYSVIEW.o
                0x0000000008006cb0                SEGGER_SYSVIEW_Warn
 .text.__libc_init_array
                0x0000000008006d68       0x48 /usr/local/STMicroelectronics/STM32Cube_IDE/plugins/com.st.stm32cube.ide.mcu.externaltools.gnu-tools-for-stm32.10.3-2021.10.linux64_1.0.0.202111181127/tools/bin/../lib/gcc/arm-none-eabi/10.3.1/../../../../arm-none-eabi/lib/thumb/v7e-m+fp/hard/libc_nano.a(lib_a-init.o)
                0x0000000008006d68                __libc_init_array
 .text.memcmp   0x0000000008006db0       0x20 /usr/local/STMicroelectronics/STM32Cube_IDE/plugins/com.st.stm32cube.ide.mcu.externaltools.gnu-tools-for-stm32.10.3-2021.10.linux64_1.0.0.202111181127/tools/bin/../lib/gcc/arm-none-eabi/10.3.1/../../../../arm-none-eabi/lib/thumb/v7e-m+fp/hard/libc_nano.a(lib_a-memcmp.o)
                0x0000000008006db0                memcmp
 .text.memcpy   0x0000000008006dd0       0x1c /usr/local/STMicroelectronics/STM32Cube_IDE/plugins/com.st.stm32cube.ide.mcu.externaltools.gnu-tools-for-stm32.10.3-2021.10.linux64_1.0.0.202111181127/tools/bin/../lib/gcc/arm-none-eabi/10.3.1/../../../../arm-none-eabi/lib/thumb/v7e-m+fp/hard/libc_nano.a(lib_a-memcpy-stub.o)
                0x0000000008006dd0                memcpy
 .text.memset   0x0000000008006dec       0x10 /usr/local/STMicroelectronics/STM32Cube_IDE/plugins/com.st.stm32cube.ide.mcu.externaltools.gnu-tools-for-stm32.10.3-2021.10.linux64_1.0.0.202111181127/tools/bin/../lib/gcc/arm-none-eabi/10.3.1/../../../../arm-none-eabi/lib/thumb/v7e-m+fp/hard/libc_nano.a(lib_a-memset.o)
                0x0000000008006dec                memset
 .text.snprintf
                0x0000000008006dfc       0x68 /usr/local/STMicroelectronics/STM32Cube_IDE/plugins/com.st.stm32cube.ide.mcu.externaltools.gnu-tools-for-stm32.10.3-2021.10.linux64_1.0.0.202111181127/tools/bin/../lib/gcc/arm-none-eabi/10.3.1/../../../../arm-none-eabi/lib/thumb/v7e-m+fp/hard/libc_nano.a(lib_a-snprintf.o)
                0x0000000008006dfc                snprintf
                0x0000000008006dfc                sniprintf
 .text.__ssputs_r
                0x0000000008006e64       0xb6 /usr/local/STMicroelectronics/STM32Cube_IDE/plugins/com.st.stm32cube.ide.mcu.externaltools.gnu-tools-for-stm32.10.3-2021.10.linux64_1.0.0.202111181127/tools/bin/../lib/gcc/arm-none-eabi/10.3.1/../../../../arm-none-eabi/lib/thumb/v7e-m+fp/hard/libc_nano.a(lib_a-nano-svfprintf.o)
                0x0000000008006e64                __ssputs_r
 *fill*         0x0000000008006f1a        0x2 
 .text._svfprintf_r
                0x0000000008006f1c      0x200 /usr/local/STMicroelectronics/STM32Cube_IDE/plugins/com.st.stm32cube.ide.mcu.externaltools.gnu-tools-for-stm32.10.3-2021.10.linux64_1.0.0.202111181127/tools/bin/../lib/gcc/arm-none-eabi/10.3.1/../../../../arm-none-eabi/lib/thumb/v7e-m+fp/hard/libc_nano.a(lib_a-nano-svfprintf.o)
                0x0000000008006f1c                _svfprintf_r
                0x0000000008006f1c                _svfiprintf_r
 .text._printf_common
                0x000000000800711c       0xda /usr/local/STMicroelectronics/STM32Cube_IDE/plugins/com.st.stm32cube.ide.mcu.externaltools.gnu-tools-for-stm32.10.3-2021.10.linux64_1.0.0.202111181127/tools/bin/../lib/gcc/arm-none-eabi/10.3.1/../../../../arm-none-eabi/lib/thumb/v7e-m+fp/hard/libc_nano.a(lib_a-nano-vfprintf_i.o)
                0x000000000800711c                _printf_common
 *fill*         0x00000000080071f6        0x2 
 .text._printf_i
                0x00000000080071f8      0x24c /usr/local/STMicroelectronics/STM32Cube_IDE/plugins/com.st.stm32cube.ide.mcu.externaltools.gnu-tools-for-stm32.10.3-2021.10.linux64_1.0.0.202111181127/tools/bin/../lib/gcc/arm-none-eabi/10.3.1/../../../../arm-none-eabi/lib/thumb/v7e-m+fp/hard/libc_nano.a(lib_a-nano-vfprintf_i.o)
                0x00000000080071f8                _printf_i
 .text.memmove  0x0000000008007444       0x34 /usr/local/STMicroelectronics/STM32Cube_IDE/plugins/com.st.stm32cube.ide.mcu.externaltools.gnu-tools-for-stm32.10.3-2021.10.linux64_1.0.0.202111181127/tools/bin/../lib/gcc/arm-none-eabi/10.3.1/../../../../arm-none-eabi/lib/thumb/v7e-m+fp/hard/libc_nano.a(lib_a-memmove.o)
                0x0000000008007444                memmove
 .text._free_r  0x0000000008007478       0x98 /usr/local/STMicroelectronics/STM32Cube_IDE/plugins/com.st.stm32cube.ide.mcu.externaltools.gnu-tools-for-stm32.10.3-2021.10.linux64_1.0.0.202111181127/tools/bin/../lib/gcc/arm-none-eabi/10.3.1/../../../../arm-none-eabi/lib/thumb/v7e-m+fp/hard/libc_nano.a(lib_a-nano-freer.o)
                0x0000000008007478                _free_r
 .text.sbrk_aligned
                0x0000000008007510       0x40 /usr/local/STMicroelectronics/STM32Cube_IDE/plugins/com.st.stm32cube.ide.mcu.externaltools.gnu-tools-for-stm32.10.3-2021.10.linux64_1.0.0.202111181127/tools/bin/../lib/gcc/arm-none-eabi/10.3.1/../../../../arm-none-eabi/lib/thumb/v7e-m+fp/hard/libc_nano.a(lib_a-nano-mallocr.o)
 .text._malloc_r
                0x0000000008007550       0xe8 /usr/local/STMicroelectronics/STM32Cube_IDE/plugins/com.st.stm32cube.ide.mcu.externaltools.gnu-tools-for-stm32.10.3-2021.10.linux64_1.0.0.202111181127/tools/bin/../lib/gcc/arm-none-eabi/10.3.1/../../../../arm-none-eabi/lib/thumb/v7e-m+fp/hard/libc_nano.a(lib_a-nano-mallocr.o)
                0x0000000008007550                _malloc_r
 .text._realloc_r
                0x0000000008007638       0x5e /usr/local/STMicroelectronics/STM32Cube_IDE/plugins/com.st.stm32cube.ide.mcu.externaltools.gnu-tools-for-stm32.10.3-2021.10.linux64_1.0.0.202111181127/tools/bin/../lib/gcc/arm-none-eabi/10.3.1/../../../../arm-none-eabi/lib/thumb/v7e-m+fp/hard/libc_nano.a(lib_a-nano-reallocr.o)
                0x0000000008007638                _realloc_r
 *fill*         0x0000000008007696        0x2 
 .text._sbrk_r  0x0000000008007698       0x20 /usr/local/STMicroelectronics/STM32Cube_IDE/plugins/com.st.stm32cube.ide.mcu.externaltools.gnu-tools-for-stm32.10.3-2021.10.linux64_1.0.0.202111181127/tools/bin/../lib/gcc/arm-none-eabi/10.3.1/../../../../arm-none-eabi/lib/thumb/v7e-m+fp/hard/libc_nano.a(lib_a-sbrkr.o)
                0x0000000008007698                _sbrk_r
 .text.__malloc_lock
                0x00000000080076b8        0xc /usr/local/STMicroelectronics/STM32Cube_IDE/plugins/com.st.stm32cube.ide.mcu.externaltools.gnu-tools-for-stm32.10.3-2021.10.linux64_1.0.0.202111181127/tools/bin/../lib/gcc/arm-none-eabi/10.3.1/../../../../arm-none-eabi/lib/thumb/v7e-m+fp/hard/libc_nano.a(lib_a-mlock.o)
                0x00000000080076b8                __malloc_lock
 .text.__malloc_unlock
                0x00000000080076c4        0xc /usr/local/STMicroelectronics/STM32Cube_IDE/plugins/com.st.stm32cube.ide.mcu.externaltools.gnu-tools-for-stm32.10.3-2021.10.linux64_1.0.0.202111181127/tools/bin/../lib/gcc/arm-none-eabi/10.3.1/../../../../arm-none-eabi/lib/thumb/v7e-m+fp/hard/libc_nano.a(lib_a-mlock.o)
                0x00000000080076c4                __malloc_unlock
 .text._malloc_usable_size_r
                0x00000000080076d0       0x10 /usr/local/STMicroelectronics/STM32Cube_IDE/plugins/com.st.stm32cube.ide.mcu.externaltools.gnu-tools-for-stm32.10.3-2021.10.linux64_1.0.0.202111181127/tools/bin/../lib/gcc/arm-none-eabi/10.3.1/../../../../arm-none-eabi/lib/thumb/v7e-m+fp/hard/libc_nano.a(lib_a-nano-msizer.o)
                0x00000000080076d0                _malloc_usable_size_r
 .text.__retarget_lock_acquire_recursive
                0x00000000080076e0        0x2 /usr/local/STMicroelectronics/STM32Cube_IDE/plugins/com.st.stm32cube.ide.mcu.externaltools.gnu-tools-for-stm32.10.3-2021.10.linux64_1.0.0.202111181127/tools/bin/../lib/gcc/arm-none-eabi/10.3.1/../../../../arm-none-eabi/lib/thumb/v7e-m+fp/hard/libc_nano.a(lib_a-lock.o)
                0x00000000080076e0                __retarget_lock_acquire_recursive
 .text.__retarget_lock_release_recursive
                0x00000000080076e2        0x2 /usr/local/STMicroelectronics/STM32Cube_IDE/plugins/com.st.stm32cube.ide.mcu.externaltools.gnu-tools-for-stm32.10.3-2021.10.linux64_1.0.0.202111181127/tools/bin/../lib/gcc/arm-none-eabi/10.3.1/../../../../arm-none-eabi/lib/thumb/v7e-m+fp/hard/libc_nano.a(lib_a-lock.o)
                0x00000000080076e2                __retarget_lock_release_recursive
 .text._sbrk    0x00000000080076e4       0x1c /usr/local/STMicroelectronics/STM32Cube_IDE/plugins/com.st.stm32cube.ide.mcu.externaltools.gnu-tools-for-stm32.10.3-2021.10.linux64_1.0.0.202111181127/tools/bin/../lib/gcc/arm-none-eabi/10.3.1/../../../../arm-none-eabi/lib/thumb/v7e-m+fp/hard/libnosys.a(sbrk.o)
                0x00000000080076e4                _sbrk
 *(.glue_7)
 .glue_7        0x0000000008007700        0x0 linker stubs
 *(.glue_7t)
 .glue_7t       0x0000000008007700        0x0 linker stubs
 *(.eh_frame)
 .eh_frame      0x0000000008007700        0x0 /usr/local/STMicroelectronics/STM32Cube_IDE/plugins/com.st.stm32cube.ide.mcu.externaltools.gnu-tools-for-stm32.10.3-2021.10.linux64_1.0.0.202111181127/tools/bin/../lib/gcc/arm-none-eabi/10.3.1/thumb/v7e-m+fp/hard/crtbegin.o
 *(.init)
 .init          0x0000000008007700        0x4 /usr/local/STMicroelectronics/STM32Cube_IDE/plugins/com.st.stm32cube.ide.mcu.externaltools.gnu-tools-for-stm32.10.3-2021.10.linux64_1.0.0.202111181127/tools/bin/../lib/gcc/arm-none-eabi/10.3.1/thumb/v7e-m+fp/hard/crti.o
                0x0000000008007700                _init
 .init          0x0000000008007704        0x8 /usr/local/STMicroelectronics/STM32Cube_IDE/plugins/com.st.stm32cube.ide.mcu.externaltools.gnu-tools-for-stm32.10.3-2021.10.linux64_1.0.0.202111181127/tools/bin/../lib/gcc/arm-none-eabi/10.3.1/thumb/v7e-m+fp/hard/crtn.o
 *(.fini)
 .fini          0x000000000800770c        0x4 /usr/local/STMicroelectronics/STM32Cube_IDE/plugins/com.st.stm32cube.ide.mcu.externaltools.gnu-tools-for-stm32.10.3-2021.10.linux64_1.0.0.202111181127/tools/bin/../lib/gcc/arm-none-eabi/10.3.1/thumb/v7e-m+fp/hard/crti.o
                0x000000000800770c                _fini
 .fini          0x0000000008007710        0x8 /usr/local/STMicroelectronics/STM32Cube_IDE/plugins/com.st.stm32cube.ide.mcu.externaltools.gnu-tools-for-stm32.10.3-2021.10.linux64_1.0.0.202111181127/tools/bin/../lib/gcc/arm-none-eabi/10.3.1/thumb/v7e-m+fp/hard/crtn.o
                0x0000000008007718                . = ALIGN (0x4)
                0x0000000008007718                _etext = .

.vfp11_veneer   0x0000000008007718        0x0
 .vfp11_veneer  0x0000000008007718        0x0 linker stubs

.v4_bx          0x0000000008007718        0x0
 .v4_bx         0x0000000008007718        0x0 linker stubs

.iplt           0x0000000008007718        0x0
 .iplt          0x0000000008007718        0x0 /usr/local/STMicroelectronics/STM32Cube_IDE/plugins/com.st.stm32cube.ide.mcu.externaltools.gnu-tools-for-stm32.10.3-2021.10.linux64_1.0.0.202111181127/tools/bin/../lib/gcc/arm-none-eabi/10.3.1/thumb/v7e-m+fp/hard/crtbegin.o

.rodata         0x0000000008007718      0x1b0
                0x0000000008007718                . = ALIGN (0x4)
 *(.rodata)
 .rodata        0x0000000008007718       0x44 ./Core/Src/main.o
 .rodata        0x000000000800775c        0x5 ./ThirdParty/FreeRTOS/tasks.o
 *fill*         0x0000000008007761        0x3 
 .rodata        0x0000000008007764        0xd ./ThirdParty/FreeRTOS/timers.o
 *fill*         0x0000000008007771        0x3 
 .rodata        0x0000000008007774       0x49 ./ThirdParty/SEGGER/Config/SEGGER_SYSVIEW_Config_FreeRTOS.o
 *fill*         0x00000000080077bd        0x3 
 .rodata        0x00000000080077c0       0x58 ./ThirdParty/SEGGER/OS/SEGGER_SYSVIEW_FreeRTOS.o
 .rodata        0x0000000008007818       0x17 ./ThirdParty/SEGGER/SEGGEGR/SEGGER_RTT.o
 *fill*         0x000000000800782f        0x1 
 .rodata        0x0000000008007830        0x8 ./ThirdParty/SEGGER/SEGGEGR/SEGGER_SYSVIEW.o
 *(.rodata*)
 .rodata.AHBPrescTable
                0x0000000008007838       0x10 ./Core/Src/system_stm32f3xx.o
                0x0000000008007838                AHBPrescTable
 .rodata.APBPrescTable
                0x0000000008007848        0x8 ./Core/Src/system_stm32f3xx.o
                0x0000000008007848                APBPrescTable
 .rodata.aPLLMULFactorTable
                0x0000000008007850       0x10 ./Drivers/STM32F3xx_HAL_Driver/Src/stm32f3xx_hal_rcc.o
                0x0000000008007850                aPLLMULFactorTable
 .rodata.aPredivFactorTable
                0x0000000008007860       0x10 ./Drivers/STM32F3xx_HAL_Driver/Src/stm32f3xx_hal_rcc.o
                0x0000000008007860                aPredivFactorTable
 .rodata.SYSVIEW_X_OS_TraceAPI
                0x0000000008007870        0x8 ./ThirdParty/SEGGER/OS/SEGGER_SYSVIEW_FreeRTOS.o
                0x0000000008007870                SYSVIEW_X_OS_TraceAPI
 .rodata._abSync
                0x0000000008007878        0xa ./ThirdParty/SEGGER/SEGGEGR/SEGGER_SYSVIEW.o
 *fill*         0x0000000008007882        0x2 
 .rodata._aV2C.0
                0x0000000008007884       0x10 ./ThirdParty/SEGGER/SEGGEGR/SEGGER_SYSVIEW.o
 .rodata._svfprintf_r.str1.1
                0x0000000008007894       0x11 /usr/local/STMicroelectronics/STM32Cube_IDE/plugins/com.st.stm32cube.ide.mcu.externaltools.gnu-tools-for-stm32.10.3-2021.10.linux64_1.0.0.202111181127/tools/bin/../lib/gcc/arm-none-eabi/10.3.1/../../../../arm-none-eabi/lib/thumb/v7e-m+fp/hard/libc_nano.a(lib_a-nano-svfprintf.o)
 .rodata._printf_i.str1.1
                0x00000000080078a5       0x22 /usr/local/STMicroelectronics/STM32Cube_IDE/plugins/com.st.stm32cube.ide.mcu.externaltools.gnu-tools-for-stm32.10.3-2021.10.linux64_1.0.0.202111181127/tools/bin/../lib/gcc/arm-none-eabi/10.3.1/../../../../arm-none-eabi/lib/thumb/v7e-m+fp/hard/libc_nano.a(lib_a-nano-vfprintf_i.o)
                0x00000000080078c8                . = ALIGN (0x4)
 *fill*         0x00000000080078c7        0x1 

.rel.dyn        0x00000000080078c8        0x0
 .rel.iplt      0x00000000080078c8        0x0 /usr/local/STMicroelectronics/STM32Cube_IDE/plugins/com.st.stm32cube.ide.mcu.externaltools.gnu-tools-for-stm32.10.3-2021.10.linux64_1.0.0.202111181127/tools/bin/../lib/gcc/arm-none-eabi/10.3.1/thumb/v7e-m+fp/hard/crtbegin.o

.ARM.extab      0x00000000080078c8        0x0
                0x00000000080078c8                . = ALIGN (0x4)
 *(.ARM.extab* .gnu.linkonce.armextab.*)
                0x00000000080078c8                . = ALIGN (0x4)

.ARM            0x00000000080078c8        0x0
                0x00000000080078c8                . = ALIGN (0x4)
                0x00000000080078c8                __exidx_start = .
 *(.ARM.exidx*)
                0x00000000080078c8                __exidx_end = .
                0x00000000080078c8                . = ALIGN (0x4)

.preinit_array  0x00000000080078c8        0x0
                0x00000000080078c8                . = ALIGN (0x4)
                0x00000000080078c8                PROVIDE (__preinit_array_start = .)
 *(.preinit_array*)
                0x00000000080078c8                PROVIDE (__preinit_array_end = .)
                0x00000000080078c8                . = ALIGN (0x4)

.init_array     0x00000000080078c8        0x4
                0x00000000080078c8                . = ALIGN (0x4)
                0x00000000080078c8                PROVIDE (__init_array_start = .)
 *(SORT_BY_NAME(.init_array.*))
 *(.init_array*)
 .init_array    0x00000000080078c8        0x4 /usr/local/STMicroelectronics/STM32Cube_IDE/plugins/com.st.stm32cube.ide.mcu.externaltools.gnu-tools-for-stm32.10.3-2021.10.linux64_1.0.0.202111181127/tools/bin/../lib/gcc/arm-none-eabi/10.3.1/thumb/v7e-m+fp/hard/crtbegin.o
                0x00000000080078cc                PROVIDE (__init_array_end = .)
                0x00000000080078cc                . = ALIGN (0x4)

.fini_array     0x00000000080078cc        0x4
                0x00000000080078cc                . = ALIGN (0x4)
                [!provide]                        PROVIDE (__fini_array_start = .)
 *(SORT_BY_NAME(.fini_array.*))
 *(.fini_array*)
 .fini_array    0x00000000080078cc        0x4 /usr/local/STMicroelectronics/STM32Cube_IDE/plugins/com.st.stm32cube.ide.mcu.externaltools.gnu-tools-for-stm32.10.3-2021.10.linux64_1.0.0.202111181127/tools/bin/../lib/gcc/arm-none-eabi/10.3.1/thumb/v7e-m+fp/hard/crtbegin.o
                [!provide]                        PROVIDE (__fini_array_end = .)
                0x00000000080078d0                . = ALIGN (0x4)
                0x00000000080078d0                _sidata = LOADADDR (.data)

.data           0x0000000020000000       0x78 load address 0x00000000080078d0
                0x0000000020000000                . = ALIGN (0x4)
                0x0000000020000000                _sdata = .
 *(.data)
 *(.data*)
 .data.SystemCoreClock
                0x0000000020000000        0x4 ./Core/Src/system_stm32f3xx.o
                0x0000000020000000                SystemCoreClock
 .data.uwTickPrio
                0x0000000020000004        0x4 ./Drivers/STM32F3xx_HAL_Driver/Src/stm32f3xx_hal.o
                0x0000000020000004                uwTickPrio
 .data.uwTickFreq
                0x0000000020000008        0x1 ./Drivers/STM32F3xx_HAL_Driver/Src/stm32f3xx_hal.o
                0x0000000020000008                uwTickFreq
 *fill*         0x0000000020000009        0x3 
 .data.uxTopUsedPriority
                0x000000002000000c        0x4 ./ThirdParty/FreeRTOS/tasks.o
                0x000000002000000c                uxTopUsedPriority
 .data.uxCriticalNesting
                0x0000000020000010        0x4 ./ThirdParty/FreeRTOS/portable/GCC/ARM_CM4F/port.o
 .data._impure_ptr
                0x0000000020000014        0x4 /usr/local/STMicroelectronics/STM32Cube_IDE/plugins/com.st.stm32cube.ide.mcu.externaltools.gnu-tools-for-stm32.10.3-2021.10.linux64_1.0.0.202111181127/tools/bin/../lib/gcc/arm-none-eabi/10.3.1/../../../../arm-none-eabi/lib/thumb/v7e-m+fp/hard/libc_nano.a(lib_a-impure.o)
                0x0000000020000014                _impure_ptr
 .data.impure_data
                0x0000000020000018       0x60 /usr/local/STMicroelectronics/STM32Cube_IDE/plugins/com.st.stm32cube.ide.mcu.externaltools.gnu-tools-for-stm32.10.3-2021.10.linux64_1.0.0.202111181127/tools/bin/../lib/gcc/arm-none-eabi/10.3.1/../../../../arm-none-eabi/lib/thumb/v7e-m+fp/hard/libc_nano.a(lib_a-impure.o)
 *(.RamFunc)
 *(.RamFunc*)
                0x0000000020000078                . = ALIGN (0x4)
                0x0000000020000078                _edata = .
                0x0000000008007948                _siccmram = LOADADDR (.ccmram)

.igot.plt       0x0000000020000078        0x0 load address 0x0000000008007948
 .igot.plt      0x0000000020000078        0x0 /usr/local/STMicroelectronics/STM32Cube_IDE/plugins/com.st.stm32cube.ide.mcu.externaltools.gnu-tools-for-stm32.10.3-2021.10.linux64_1.0.0.202111181127/tools/bin/../lib/gcc/arm-none-eabi/10.3.1/thumb/v7e-m+fp/hard/crtbegin.o

.ccmram         0x0000000010000000        0x0 load address 0x0000000008007948
                0x0000000010000000                . = ALIGN (0x4)
                0x0000000010000000                _sccmram = .
 *(.ccmram)
 *(.ccmram*)
                0x0000000010000000                . = ALIGN (0x4)
                0x0000000010000000                _eccmram = .
                0x0000000010000000                . = ALIGN (0x4)

.bss            0x0000000020000078     0x54d8
                0x0000000020000078                _sbss = .
                0x0000000020000078                __bss_start__ = _sbss
 *(.bss)
 .bss           0x0000000020000078       0x1c /usr/local/STMicroelectronics/STM32Cube_IDE/plugins/com.st.stm32cube.ide.mcu.externaltools.gnu-tools-for-stm32.10.3-2021.10.linux64_1.0.0.202111181127/tools/bin/../lib/gcc/arm-none-eabi/10.3.1/thumb/v7e-m+fp/hard/crtbegin.o
 *(.bss*)
 .bss.htim6     0x0000000020000094       0x4c ./Core/Src/stm32f3xx_hal_timebase_tim.o
                0x0000000020000094                htim6
 .bss.uwTick    0x00000000200000e0        0x4 ./Drivers/STM32F3xx_HAL_Driver/Src/stm32f3xx_hal.o
                0x00000000200000e0                uwTick
 .bss.xQueueRegistry
                0x00000000200000e4       0x40 ./ThirdParty/FreeRTOS/queue.o
                0x00000000200000e4                xQueueRegistry
 .bss.pxCurrentTCB
                0x0000000020000124        0x4 ./ThirdParty/FreeRTOS/tasks.o
                0x0000000020000124                pxCurrentTCB
 .bss.pxReadyTasksLists
                0x0000000020000128       0xa0 ./ThirdParty/FreeRTOS/tasks.o
 .bss.xDelayedTaskList1
                0x00000000200001c8       0x14 ./ThirdParty/FreeRTOS/tasks.o
 .bss.xDelayedTaskList2
                0x00000000200001dc       0x14 ./ThirdParty/FreeRTOS/tasks.o
 .bss.pxDelayedTaskList
                0x00000000200001f0        0x4 ./ThirdParty/FreeRTOS/tasks.o
 .bss.pxOverflowDelayedTaskList
                0x00000000200001f4        0x4 ./ThirdParty/FreeRTOS/tasks.o
 .bss.xPendingReadyList
                0x00000000200001f8       0x14 ./ThirdParty/FreeRTOS/tasks.o
 .bss.xTasksWaitingTermination
                0x000000002000020c       0x14 ./ThirdParty/FreeRTOS/tasks.o
 .bss.uxDeletedTasksWaitingCleanUp
                0x0000000020000220        0x4 ./ThirdParty/FreeRTOS/tasks.o
 .bss.xSuspendedTaskList
                0x0000000020000224       0x14 ./ThirdParty/FreeRTOS/tasks.o
 .bss.uxCurrentNumberOfTasks
                0x0000000020000238        0x4 ./ThirdParty/FreeRTOS/tasks.o
 .bss.xTickCount
                0x000000002000023c        0x4 ./ThirdParty/FreeRTOS/tasks.o
 .bss.uxTopReadyPriority
                0x0000000020000240        0x4 ./ThirdParty/FreeRTOS/tasks.o
 .bss.xSchedulerRunning
                0x0000000020000244        0x4 ./ThirdParty/FreeRTOS/tasks.o
 .bss.xPendedTicks
                0x0000000020000248        0x4 ./ThirdParty/FreeRTOS/tasks.o
 .bss.xYieldPending
                0x000000002000024c        0x4 ./ThirdParty/FreeRTOS/tasks.o
 .bss.xNumOfOverflows
                0x0000000020000250        0x4 ./ThirdParty/FreeRTOS/tasks.o
 .bss.uxTaskNumber
                0x0000000020000254        0x4 ./ThirdParty/FreeRTOS/tasks.o
 .bss.xNextTaskUnblockTime
                0x0000000020000258        0x4 ./ThirdParty/FreeRTOS/tasks.o
 .bss.xIdleTaskHandle
                0x000000002000025c        0x4 ./ThirdParty/FreeRTOS/tasks.o
 .bss.uxSchedulerSuspended
                0x0000000020000260        0x4 ./ThirdParty/FreeRTOS/tasks.o
 .bss.xActiveTimerList1
                0x0000000020000264       0x14 ./ThirdParty/FreeRTOS/timers.o
 .bss.xActiveTimerList2
                0x0000000020000278       0x14 ./ThirdParty/FreeRTOS/timers.o
 .bss.pxCurrentTimerList
                0x000000002000028c        0x4 ./ThirdParty/FreeRTOS/timers.o
 .bss.pxOverflowTimerList
                0x0000000020000290        0x4 ./ThirdParty/FreeRTOS/timers.o
 .bss.xTimerQueue
                0x0000000020000294        0x4 ./ThirdParty/FreeRTOS/timers.o
 .bss.xTimerTaskHandle
                0x0000000020000298        0x4 ./ThirdParty/FreeRTOS/timers.o
 .bss.xLastTime.0
                0x000000002000029c        0x4 ./ThirdParty/FreeRTOS/timers.o
 .bss.ucMaxSysCallPriority
                0x00000000200002a0        0x1 ./ThirdParty/FreeRTOS/portable/GCC/ARM_CM4F/port.o
 *fill*         0x00000000200002a1        0x3 
 .bss.ulMaxPRIGROUPValue
                0x00000000200002a4        0x4 ./ThirdParty/FreeRTOS/portable/GCC/ARM_CM4F/port.o
 .bss.ucHeap    0x00000000200002a8     0x3c00 ./ThirdParty/FreeRTOS/portable/MemMang/heap_4.o
 .bss.xStart    0x0000000020003ea8        0x8 ./ThirdParty/FreeRTOS/portable/MemMang/heap_4.o
 .bss.pxEnd     0x0000000020003eb0        0x4 ./ThirdParty/FreeRTOS/portable/MemMang/heap_4.o
 .bss.xFreeBytesRemaining
                0x0000000020003eb4        0x4 ./ThirdParty/FreeRTOS/portable/MemMang/heap_4.o
 .bss.xMinimumEverFreeBytesRemaining
                0x0000000020003eb8        0x4 ./ThirdParty/FreeRTOS/portable/MemMang/heap_4.o
 .bss.xNumberOfSuccessfulAllocations
                0x0000000020003ebc        0x4 ./ThirdParty/FreeRTOS/portable/MemMang/heap_4.o
 .bss.xNumberOfSuccessfulFrees
                0x0000000020003ec0        0x4 ./ThirdParty/FreeRTOS/portable/MemMang/heap_4.o
 .bss._aTasks   0x0000000020003ec4       0xa0 ./ThirdParty/SEGGER/OS/SEGGER_SYSVIEW_FreeRTOS.o
 .bss._NumTasks
                0x0000000020003f64        0x4 ./ThirdParty/SEGGER/OS/SEGGER_SYSVIEW_FreeRTOS.o
 .bss._SEGGER_RTT
                0x0000000020003f68       0xa8 ./ThirdParty/SEGGER/SEGGEGR/SEGGER_RTT.o
                0x0000000020003f68                _SEGGER_RTT
 .bss._acUpBuffer
                0x0000000020004010      0x400 ./ThirdParty/SEGGER/SEGGEGR/SEGGER_RTT.o
 .bss._acDownBuffer
                0x0000000020004410       0x10 ./ThirdParty/SEGGER/SEGGEGR/SEGGER_RTT.o
 .bss._UpBuffer
                0x0000000020004420     0x1000 ./ThirdParty/SEGGER/SEGGEGR/SEGGER_SYSVIEW.o
 .bss._DownBuffer
                0x0000000020005420        0x8 ./ThirdParty/SEGGER/SEGGEGR/SEGGER_SYSVIEW.o
 .bss._SYSVIEW_Globals
                0x0000000020005428       0x28 ./ThirdParty/SEGGER/SEGGEGR/SEGGER_SYSVIEW.o
 .bss._pFirstModule
                0x0000000020005450        0x4 ./ThirdParty/SEGGER/SEGGEGR/SEGGER_SYSVIEW.o
 .bss._NumModules
                0x0000000020005454        0x1 ./ThirdParty/SEGGER/SEGGEGR/SEGGER_SYSVIEW.o
 *fill*         0x0000000020005455        0x3 
 .bss._aPacket  0x0000000020005458       0xe3 ./ThirdParty/SEGGER/SEGGEGR/SEGGER_SYSVIEW.o
 *fill*         0x000000002000553b        0x1 
 .bss.__malloc_free_list
                0x000000002000553c        0x4 /usr/local/STMicroelectronics/STM32Cube_IDE/plugins/com.st.stm32cube.ide.mcu.externaltools.gnu-tools-for-stm32.10.3-2021.10.linux64_1.0.0.202111181127/tools/bin/../lib/gcc/arm-none-eabi/10.3.1/../../../../arm-none-eabi/lib/thumb/v7e-m+fp/hard/libc_nano.a(lib_a-nano-mallocr.o)
                0x000000002000553c                __malloc_free_list
 .bss.__malloc_sbrk_start
                0x0000000020005540        0x4 /usr/local/STMicroelectronics/STM32Cube_IDE/plugins/com.st.stm32cube.ide.mcu.externaltools.gnu-tools-for-stm32.10.3-2021.10.linux64_1.0.0.202111181127/tools/bin/../lib/gcc/arm-none-eabi/10.3.1/../../../../arm-none-eabi/lib/thumb/v7e-m+fp/hard/libc_nano.a(lib_a-nano-mallocr.o)
                0x0000000020005540                __malloc_sbrk_start
 .bss.errno     0x0000000020005544        0x4 /usr/local/STMicroelectronics/STM32Cube_IDE/plugins/com.st.stm32cube.ide.mcu.externaltools.gnu-tools-for-stm32.10.3-2021.10.linux64_1.0.0.202111181127/tools/bin/../lib/gcc/arm-none-eabi/10.3.1/../../../../arm-none-eabi/lib/thumb/v7e-m+fp/hard/libc_nano.a(lib_a-reent.o)
                0x0000000020005544                errno
 .bss.__lock___malloc_recursive_mutex
                0x0000000020005548        0x1 /usr/local/STMicroelectronics/STM32Cube_IDE/plugins/com.st.stm32cube.ide.mcu.externaltools.gnu-tools-for-stm32.10.3-2021.10.linux64_1.0.0.202111181127/tools/bin/../lib/gcc/arm-none-eabi/10.3.1/../../../../arm-none-eabi/lib/thumb/v7e-m+fp/hard/libc_nano.a(lib_a-lock.o)
                0x0000000020005548                __lock___malloc_recursive_mutex
 *fill*         0x0000000020005549        0x3 
 .bss.heap_end.0
                0x000000002000554c        0x4 /usr/local/STMicroelectronics/STM32Cube_IDE/plugins/com.st.stm32cube.ide.mcu.externaltools.gnu-tools-for-stm32.10.3-2021.10.linux64_1.0.0.202111181127/tools/bin/../lib/gcc/arm-none-eabi/10.3.1/../../../../arm-none-eabi/lib/thumb/v7e-m+fp/hard/libnosys.a(sbrk.o)
 *(COMMON)
                0x0000000020005550                . = ALIGN (0x4)
                0x0000000020005550                _ebss = .
                0x0000000020005550                __bss_end__ = _ebss

._user_heap_stack
                0x0000000020005550      0x600
                0x0000000020005550                . = ALIGN (0x8)
                0x0000000020005550                PROVIDE (end = .)
                [!provide]                        PROVIDE (_end = .)
                0x0000000020005750                . = (. + _Min_Heap_Size)
 *fill*         0x0000000020005550      0x200 
                0x0000000020005b50                . = (. + _Min_Stack_Size)
 *fill*         0x0000000020005750      0x400 
                0x0000000020005b50                . = ALIGN (0x8)

/DISCARD/
 libc.a(*)
 libm.a(*)
 libgcc.a(*)

.ARM.attributes
                0x0000000000000000       0x30
 *(.ARM.attributes)
 .ARM.attributes
                0x0000000000000000       0x1e /usr/local/STMicroelectronics/STM32Cube_IDE/plugins/com.st.stm32cube.ide.mcu.externaltools.gnu-tools-for-stm32.10.3-2021.10.linux64_1.0.0.202111181127/tools/bin/../lib/gcc/arm-none-eabi/10.3.1/thumb/v7e-m+fp/hard/crti.o
 .ARM.attributes
                0x000000000000001e       0x34 /usr/local/STMicroelectronics/STM32Cube_IDE/plugins/com.st.stm32cube.ide.mcu.externaltools.gnu-tools-for-stm32.10.3-2021.10.linux64_1.0.0.202111181127/tools/bin/../lib/gcc/arm-none-eabi/10.3.1/thumb/v7e-m+fp/hard/crtbegin.o
 .ARM.attributes
                0x0000000000000052       0x34 ./Core/Src/main.o
 .ARM.attributes
                0x0000000000000086       0x34 ./Core/Src/stm32f3xx_hal_msp.o
 .ARM.attributes
                0x00000000000000ba       0x34 ./Core/Src/stm32f3xx_hal_timebase_tim.o
 .ARM.attributes
                0x00000000000000ee       0x34 ./Core/Src/stm32f3xx_it.o
 .ARM.attributes
                0x0000000000000122       0x34 ./Core/Src/system_stm32f3xx.o
 .ARM.attributes
                0x0000000000000156       0x21 ./Core/Startup/startup_stm32f303vctx.o
 .ARM.attributes
                0x0000000000000177       0x34 ./Drivers/STM32F3xx_HAL_Driver/Src/stm32f3xx_hal.o
 .ARM.attributes
                0x00000000000001ab       0x34 ./Drivers/STM32F3xx_HAL_Driver/Src/stm32f3xx_hal_cortex.o
 .ARM.attributes
                0x00000000000001df       0x34 ./Drivers/STM32F3xx_HAL_Driver/Src/stm32f3xx_hal_gpio.o
 .ARM.attributes
                0x0000000000000213       0x34 ./Drivers/STM32F3xx_HAL_Driver/Src/stm32f3xx_hal_rcc.o
 .ARM.attributes
                0x0000000000000247       0x34 ./Drivers/STM32F3xx_HAL_Driver/Src/stm32f3xx_hal_tim.o
 .ARM.attributes
                0x000000000000027b       0x34 ./Drivers/STM32F3xx_HAL_Driver/Src/stm32f3xx_hal_tim_ex.o
 .ARM.attributes
                0x00000000000002af       0x34 ./ThirdParty/FreeRTOS/list.o
 .ARM.attributes
                0x00000000000002e3       0x34 ./ThirdParty/FreeRTOS/queue.o
 .ARM.attributes
                0x0000000000000317       0x34 ./ThirdParty/FreeRTOS/tasks.o
 .ARM.attributes
                0x000000000000034b       0x34 ./ThirdParty/FreeRTOS/timers.o
 .ARM.attributes
                0x000000000000037f       0x34 ./ThirdParty/FreeRTOS/portable/GCC/ARM_CM4F/port.o
 .ARM.attributes
                0x00000000000003b3       0x34 ./ThirdParty/FreeRTOS/portable/MemMang/heap_4.o
 .ARM.attributes
                0x00000000000003e7       0x34 ./ThirdParty/SEGGER/Config/SEGGER_SYSVIEW_Config_FreeRTOS.o
 .ARM.attributes
                0x000000000000041b       0x34 ./ThirdParty/SEGGER/OS/SEGGER_SYSVIEW_FreeRTOS.o
 .ARM.attributes
                0x000000000000044f       0x34 ./ThirdParty/SEGGER/SEGGEGR/SEGGER_RTT.o
 .ARM.attributes
                0x0000000000000483       0x20 ./ThirdParty/SEGGER/SEGGEGR/SEGGER_RTT_ASM_ARMv7M.o
 .ARM.attributes
                0x00000000000004a3       0x34 ./ThirdParty/SEGGER/SEGGEGR/SEGGER_SYSVIEW.o
 .ARM.attributes
                0x00000000000004d7       0x34 /usr/local/STMicroelectronics/STM32Cube_IDE/plugins/com.st.stm32cube.ide.mcu.externaltools.gnu-tools-for-stm32.10.3-2021.10.linux64_1.0.0.202111181127/tools/bin/../lib/gcc/arm-none-eabi/10.3.1/../../../../arm-none-eabi/lib/thumb/v7e-m+fp/hard/libc_nano.a(lib_a-impure.o)
 .ARM.attributes
                0x000000000000050b       0x34 /usr/local/STMicroelectronics/STM32Cube_IDE/plugins/com.st.stm32cube.ide.mcu.externaltools.gnu-tools-for-stm32.10.3-2021.10.linux64_1.0.0.202111181127/tools/bin/../lib/gcc/arm-none-eabi/10.3.1/../../../../arm-none-eabi/lib/thumb/v7e-m+fp/hard/libc_nano.a(lib_a-init.o)
 .ARM.attributes
                0x000000000000053f       0x34 /usr/local/STMicroelectronics/STM32Cube_IDE/plugins/com.st.stm32cube.ide.mcu.externaltools.gnu-tools-for-stm32.10.3-2021.10.linux64_1.0.0.202111181127/tools/bin/../lib/gcc/arm-none-eabi/10.3.1/../../../../arm-none-eabi/lib/thumb/v7e-m+fp/hard/libc_nano.a(lib_a-memcmp.o)
 .ARM.attributes
                0x0000000000000573       0x34 /usr/local/STMicroelectronics/STM32Cube_IDE/plugins/com.st.stm32cube.ide.mcu.externaltools.gnu-tools-for-stm32.10.3-2021.10.linux64_1.0.0.202111181127/tools/bin/../lib/gcc/arm-none-eabi/10.3.1/../../../../arm-none-eabi/lib/thumb/v7e-m+fp/hard/libc_nano.a(lib_a-memcpy-stub.o)
 .ARM.attributes
                0x00000000000005a7       0x34 /usr/local/STMicroelectronics/STM32Cube_IDE/plugins/com.st.stm32cube.ide.mcu.externaltools.gnu-tools-for-stm32.10.3-2021.10.linux64_1.0.0.202111181127/tools/bin/../lib/gcc/arm-none-eabi/10.3.1/../../../../arm-none-eabi/lib/thumb/v7e-m+fp/hard/libc_nano.a(lib_a-memset.o)
 .ARM.attributes
                0x00000000000005db       0x34 /usr/local/STMicroelectronics/STM32Cube_IDE/plugins/com.st.stm32cube.ide.mcu.externaltools.gnu-tools-for-stm32.10.3-2021.10.linux64_1.0.0.202111181127/tools/bin/../lib/gcc/arm-none-eabi/10.3.1/../../../../arm-none-eabi/lib/thumb/v7e-m+fp/hard/libc_nano.a(lib_a-snprintf.o)
 .ARM.attributes
                0x000000000000060f       0x34 /usr/local/STMicroelectronics/STM32Cube_IDE/plugins/com.st.stm32cube.ide.mcu.externaltools.gnu-tools-for-stm32.10.3-2021.10.linux64_1.0.0.202111181127/tools/bin/../lib/gcc/arm-none-eabi/10.3.1/../../../../arm-none-eabi/lib/thumb/v7e-m+fp/hard/libc_nano.a(lib_a-nano-svfprintf.o)
 .ARM.attributes
                0x0000000000000643       0x34 /usr/local/STMicroelectronics/STM32Cube_IDE/plugins/com.st.stm32cube.ide.mcu.externaltools.gnu-tools-for-stm32.10.3-2021.10.linux64_1.0.0.202111181127/tools/bin/../lib/gcc/arm-none-eabi/10.3.1/../../../../arm-none-eabi/lib/thumb/v7e-m+fp/hard/libc_nano.a(lib_a-nano-vfprintf_i.o)
 .ARM.attributes
                0x0000000000000677       0x1c /usr/local/STMicroelectronics/STM32Cube_IDE/plugins/com.st.stm32cube.ide.mcu.externaltools.gnu-tools-for-stm32.10.3-2021.10.linux64_1.0.0.202111181127/tools/bin/../lib/gcc/arm-none-eabi/10.3.1/../../../../arm-none-eabi/lib/thumb/v7e-m+fp/hard/libc_nano.a(lib_a-memchr.o)
 .ARM.attributes
                0x0000000000000693       0x34 /usr/local/STMicroelectronics/STM32Cube_IDE/plugins/com.st.stm32cube.ide.mcu.externaltools.gnu-tools-for-stm32.10.3-2021.10.linux64_1.0.0.202111181127/tools/bin/../lib/gcc/arm-none-eabi/10.3.1/../../../../arm-none-eabi/lib/thumb/v7e-m+fp/hard/libc_nano.a(lib_a-memmove.o)
 .ARM.attributes
                0x00000000000006c7       0x34 /usr/local/STMicroelectronics/STM32Cube_IDE/plugins/com.st.stm32cube.ide.mcu.externaltools.gnu-tools-for-stm32.10.3-2021.10.linux64_1.0.0.202111181127/tools/bin/../lib/gcc/arm-none-eabi/10.3.1/../../../../arm-none-eabi/lib/thumb/v7e-m+fp/hard/libc_nano.a(lib_a-nano-freer.o)
 .ARM.attributes
                0x00000000000006fb       0x34 /usr/local/STMicroelectronics/STM32Cube_IDE/plugins/com.st.stm32cube.ide.mcu.externaltools.gnu-tools-for-stm32.10.3-2021.10.linux64_1.0.0.202111181127/tools/bin/../lib/gcc/arm-none-eabi/10.3.1/../../../../arm-none-eabi/lib/thumb/v7e-m+fp/hard/libc_nano.a(lib_a-nano-mallocr.o)
 .ARM.attributes
                0x000000000000072f       0x34 /usr/local/STMicroelectronics/STM32Cube_IDE/plugins/com.st.stm32cube.ide.mcu.externaltools.gnu-tools-for-stm32.10.3-2021.10.linux64_1.0.0.202111181127/tools/bin/../lib/gcc/arm-none-eabi/10.3.1/../../../../arm-none-eabi/lib/thumb/v7e-m+fp/hard/libc_nano.a(lib_a-nano-reallocr.o)
 .ARM.attributes
                0x0000000000000763       0x34 /usr/local/STMicroelectronics/STM32Cube_IDE/plugins/com.st.stm32cube.ide.mcu.externaltools.gnu-tools-for-stm32.10.3-2021.10.linux64_1.0.0.202111181127/tools/bin/../lib/gcc/arm-none-eabi/10.3.1/../../../../arm-none-eabi/lib/thumb/v7e-m+fp/hard/libc_nano.a(lib_a-sbrkr.o)
 .ARM.attributes
                0x0000000000000797       0x34 /usr/local/STMicroelectronics/STM32Cube_IDE/plugins/com.st.stm32cube.ide.mcu.externaltools.gnu-tools-for-stm32.10.3-2021.10.linux64_1.0.0.202111181127/tools/bin/../lib/gcc/arm-none-eabi/10.3.1/../../../../arm-none-eabi/lib/thumb/v7e-m+fp/hard/libc_nano.a(lib_a-mlock.o)
 .ARM.attributes
                0x00000000000007cb       0x34 /usr/local/STMicroelectronics/STM32Cube_IDE/plugins/com.st.stm32cube.ide.mcu.externaltools.gnu-tools-for-stm32.10.3-2021.10.linux64_1.0.0.202111181127/tools/bin/../lib/gcc/arm-none-eabi/10.3.1/../../../../arm-none-eabi/lib/thumb/v7e-m+fp/hard/libc_nano.a(lib_a-nano-msizer.o)
 .ARM.attributes
                0x00000000000007ff       0x34 /usr/local/STMicroelectronics/STM32Cube_IDE/plugins/com.st.stm32cube.ide.mcu.externaltools.gnu-tools-for-stm32.10.3-2021.10.linux64_1.0.0.202111181127/tools/bin/../lib/gcc/arm-none-eabi/10.3.1/../../../../arm-none-eabi/lib/thumb/v7e-m+fp/hard/libc_nano.a(lib_a-reent.o)
 .ARM.attributes
                0x0000000000000833       0x34 /usr/local/STMicroelectronics/STM32Cube_IDE/plugins/com.st.stm32cube.ide.mcu.externaltools.gnu-tools-for-stm32.10.3-2021.10.linux64_1.0.0.202111181127/tools/bin/../lib/gcc/arm-none-eabi/10.3.1/../../../../arm-none-eabi/lib/thumb/v7e-m+fp/hard/libc_nano.a(lib_a-lock.o)
 .ARM.attributes
                0x0000000000000867       0x34 /usr/local/STMicroelectronics/STM32Cube_IDE/plugins/com.st.stm32cube.ide.mcu.externaltools.gnu-tools-for-stm32.10.3-2021.10.linux64_1.0.0.202111181127/tools/bin/../lib/gcc/arm-none-eabi/10.3.1/../../../../arm-none-eabi/lib/thumb/v7e-m+fp/hard/libnosys.a(sbrk.o)
 .ARM.attributes
                0x000000000000089b       0x1e /usr/local/STMicroelectronics/STM32Cube_IDE/plugins/com.st.stm32cube.ide.mcu.externaltools.gnu-tools-for-stm32.10.3-2021.10.linux64_1.0.0.202111181127/tools/bin/../lib/gcc/arm-none-eabi/10.3.1/thumb/v7e-m+fp/hard/crtn.o
OUTPUT(001Task.elf elf32-littlearm)
LOAD linker stubs
LOAD /usr/local/STMicroelectronics/STM32Cube_IDE/plugins/com.st.stm32cube.ide.mcu.externaltools.gnu-tools-for-stm32.10.3-2021.10.linux64_1.0.0.202111181127/tools/bin/../lib/gcc/arm-none-eabi/10.3.1/../../../../arm-none-eabi/lib/thumb/v7e-m+fp/hard/libc.a
LOAD /usr/local/STMicroelectronics/STM32Cube_IDE/plugins/com.st.stm32cube.ide.mcu.externaltools.gnu-tools-for-stm32.10.3-2021.10.linux64_1.0.0.202111181127/tools/bin/../lib/gcc/arm-none-eabi/10.3.1/../../../../arm-none-eabi/lib/thumb/v7e-m+fp/hard/libm.a
LOAD /usr/local/STMicroelectronics/STM32Cube_IDE/plugins/com.st.stm32cube.ide.mcu.externaltools.gnu-tools-for-stm32.10.3-2021.10.linux64_1.0.0.202111181127/tools/bin/../lib/gcc/arm-none-eabi/10.3.1/thumb/v7e-m+fp/hard/libgcc.a

.debug_info     0x0000000000000000    0x14b55
 .debug_info    0x0000000000000000      0xddf ./Core/Src/main.o
 .debug_info    0x0000000000000ddf      0x1b9 ./Core/Src/stm32f3xx_hal_msp.o
 .debug_info    0x0000000000000f98      0xaff ./Core/Src/stm32f3xx_hal_timebase_tim.o
 .debug_info    0x0000000000001a97      0x6f6 ./Core/Src/stm32f3xx_it.o
 .debug_info    0x000000000000218d      0x416 ./Core/Src/system_stm32f3xx.o
 .debug_info    0x00000000000025a3       0x22 ./Core/Startup/startup_stm32f303vctx.o
 .debug_info    0x00000000000025c5      0x807 ./Drivers/STM32F3xx_HAL_Driver/Src/stm32f3xx_hal.o
 .debug_info    0x0000000000002dcc      0xd85 ./Drivers/STM32F3xx_HAL_Driver/Src/stm32f3xx_hal_cortex.o
 .debug_info    0x0000000000003b51      0x68a ./Drivers/STM32F3xx_HAL_Driver/Src/stm32f3xx_hal_gpio.o
 .debug_info    0x00000000000041db     0x1586 ./Drivers/STM32F3xx_HAL_Driver/Src/stm32f3xx_hal_rcc.o
 .debug_info    0x0000000000005761     0x2ca3 ./Drivers/STM32F3xx_HAL_Driver/Src/stm32f3xx_hal_tim.o
 .debug_info    0x0000000000008404     0x1679 ./Drivers/STM32F3xx_HAL_Driver/Src/stm32f3xx_hal_tim_ex.o
 .debug_info    0x0000000000009a7d      0x2d1 ./ThirdParty/FreeRTOS/list.o
 .debug_info    0x0000000000009d4e     0x1a03 ./ThirdParty/FreeRTOS/queue.o
 .debug_info    0x000000000000b751     0x2748 ./ThirdParty/FreeRTOS/tasks.o
 .debug_info    0x000000000000de99      0xeaf ./ThirdParty/FreeRTOS/timers.o
 .debug_info    0x000000000000ed48      0x5ca ./ThirdParty/FreeRTOS/portable/GCC/ARM_CM4F/port.o
 .debug_info    0x000000000000f312      0x556 ./ThirdParty/FreeRTOS/portable/MemMang/heap_4.o
 .debug_info    0x000000000000f868      0x181 ./ThirdParty/SEGGER/Config/SEGGER_SYSVIEW_Config_FreeRTOS.o
 .debug_info    0x000000000000f9e9      0x43d ./ThirdParty/SEGGER/OS/SEGGER_SYSVIEW_FreeRTOS.o
 .debug_info    0x000000000000fe26     0x14ff ./ThirdParty/SEGGER/SEGGEGR/SEGGER_RTT.o
 .debug_info    0x0000000000011325       0x26 ./ThirdParty/SEGGER/SEGGEGR/SEGGER_RTT_ASM_ARMv7M.o
 .debug_info    0x000000000001134b     0x380a ./ThirdParty/SEGGER/SEGGEGR/SEGGER_SYSVIEW.o

.debug_abbrev   0x0000000000000000     0x2e0a
 .debug_abbrev  0x0000000000000000      0x2f7 ./Core/Src/main.o
 .debug_abbrev  0x00000000000002f7       0xd5 ./Core/Src/stm32f3xx_hal_msp.o
 .debug_abbrev  0x00000000000003cc      0x1e6 ./Core/Src/stm32f3xx_hal_timebase_tim.o
 .debug_abbrev  0x00000000000005b2      0x171 ./Core/Src/stm32f3xx_it.o
 .debug_abbrev  0x0000000000000723      0x116 ./Core/Src/system_stm32f3xx.o
 .debug_abbrev  0x0000000000000839       0x12 ./Core/Startup/startup_stm32f303vctx.o
 .debug_abbrev  0x000000000000084b      0x20e ./Drivers/STM32F3xx_HAL_Driver/Src/stm32f3xx_hal.o
 .debug_abbrev  0x0000000000000a59      0x316 ./Drivers/STM32F3xx_HAL_Driver/Src/stm32f3xx_hal_cortex.o
 .debug_abbrev  0x0000000000000d6f      0x1bb ./Drivers/STM32F3xx_HAL_Driver/Src/stm32f3xx_hal_gpio.o
 .debug_abbrev  0x0000000000000f2a      0x30c ./Drivers/STM32F3xx_HAL_Driver/Src/stm32f3xx_hal_rcc.o
 .debug_abbrev  0x0000000000001236      0x25d ./Drivers/STM32F3xx_HAL_Driver/Src/stm32f3xx_hal_tim.o
 .debug_abbrev  0x0000000000001493      0x265 ./Drivers/STM32F3xx_HAL_Driver/Src/stm32f3xx_hal_tim_ex.o
 .debug_abbrev  0x00000000000016f8       0xf2 ./ThirdParty/FreeRTOS/list.o
 .debug_abbrev  0x00000000000017ea      0x312 ./ThirdParty/FreeRTOS/queue.o
 .debug_abbrev  0x0000000000001afc      0x39f ./ThirdParty/FreeRTOS/tasks.o
 .debug_abbrev  0x0000000000001e9b      0x2c5 ./ThirdParty/FreeRTOS/timers.o
 .debug_abbrev  0x0000000000002160      0x259 ./ThirdParty/FreeRTOS/portable/GCC/ARM_CM4F/port.o
 .debug_abbrev  0x00000000000023b9      0x24e ./ThirdParty/FreeRTOS/portable/MemMang/heap_4.o
 .debug_abbrev  0x0000000000002607       0xdd ./ThirdParty/SEGGER/Config/SEGGER_SYSVIEW_Config_FreeRTOS.o
 .debug_abbrev  0x00000000000026e4      0x19e ./ThirdParty/SEGGER/OS/SEGGER_SYSVIEW_FreeRTOS.o
 .debug_abbrev  0x0000000000002882      0x24e ./ThirdParty/SEGGER/SEGGEGR/SEGGER_RTT.o
 .debug_abbrev  0x0000000000002ad0       0x14 ./ThirdParty/SEGGER/SEGGEGR/SEGGER_RTT_ASM_ARMv7M.o
 .debug_abbrev  0x0000000000002ae4      0x326 ./ThirdParty/SEGGER/SEGGEGR/SEGGER_SYSVIEW.o

.debug_aranges  0x0000000000000000     0x1300
 .debug_aranges
                0x0000000000000000       0x50 ./Core/Src/main.o
 .debug_aranges
                0x0000000000000050       0x20 ./Core/Src/stm32f3xx_hal_msp.o
 .debug_aranges
                0x0000000000000070       0x30 ./Core/Src/stm32f3xx_hal_timebase_tim.o
 .debug_aranges
                0x00000000000000a0       0x50 ./Core/Src/stm32f3xx_it.o
 .debug_aranges
                0x00000000000000f0       0x28 ./Core/Src/system_stm32f3xx.o
 .debug_aranges
                0x0000000000000118       0x28 ./Core/Startup/startup_stm32f303vctx.o
 .debug_aranges
                0x0000000000000140       0xe0 ./Drivers/STM32F3xx_HAL_Driver/Src/stm32f3xx_hal.o
 .debug_aranges
                0x0000000000000220      0x118 ./Drivers/STM32F3xx_HAL_Driver/Src/stm32f3xx_hal_cortex.o
 .debug_aranges
                0x0000000000000338       0x58 ./Drivers/STM32F3xx_HAL_Driver/Src/stm32f3xx_hal_gpio.o
 .debug_aranges
                0x0000000000000390       0x88 ./Drivers/STM32F3xx_HAL_Driver/Src/stm32f3xx_hal_rcc.o
 .debug_aranges
                0x0000000000000418      0x3e0 ./Drivers/STM32F3xx_HAL_Driver/Src/stm32f3xx_hal_tim.o
 .debug_aranges
                0x00000000000007f8      0x178 ./Drivers/STM32F3xx_HAL_Driver/Src/stm32f3xx_hal_tim_ex.o
 .debug_aranges
                0x0000000000000970       0x40 ./ThirdParty/FreeRTOS/list.o
 .debug_aranges
                0x00000000000009b0      0x130 ./ThirdParty/FreeRTOS/queue.o
 .debug_aranges
                0x0000000000000ae0      0x208 ./ThirdParty/FreeRTOS/tasks.o
 .debug_aranges
                0x0000000000000ce8       0xe8 ./ThirdParty/FreeRTOS/timers.o
 .debug_aranges
                0x0000000000000dd0       0x88 ./ThirdParty/FreeRTOS/portable/GCC/ARM_CM4F/port.o
 .debug_aranges
                0x0000000000000e58       0x60 ./ThirdParty/FreeRTOS/portable/MemMang/heap_4.o
 .debug_aranges
                0x0000000000000eb8       0x28 ./ThirdParty/SEGGER/Config/SEGGER_SYSVIEW_Config_FreeRTOS.o
 .debug_aranges
                0x0000000000000ee0       0x48 ./ThirdParty/SEGGER/OS/SEGGER_SYSVIEW_FreeRTOS.o
 .debug_aranges
                0x0000000000000f28      0x138 ./ThirdParty/SEGGER/SEGGEGR/SEGGER_RTT.o
 .debug_aranges
                0x0000000000001060       0x20 ./ThirdParty/SEGGER/SEGGEGR/SEGGER_RTT_ASM_ARMv7M.o
 .debug_aranges
                0x0000000000001080      0x280 ./ThirdParty/SEGGER/SEGGEGR/SEGGER_SYSVIEW.o

.debug_ranges   0x0000000000000000     0x1188
 .debug_ranges  0x0000000000000000       0x40 ./Core/Src/main.o
 .debug_ranges  0x0000000000000040       0x10 ./Core/Src/stm32f3xx_hal_msp.o
 .debug_ranges  0x0000000000000050       0x20 ./Core/Src/stm32f3xx_hal_timebase_tim.o
 .debug_ranges  0x0000000000000070       0x40 ./Core/Src/stm32f3xx_it.o
 .debug_ranges  0x00000000000000b0       0x18 ./Core/Src/system_stm32f3xx.o
 .debug_ranges  0x00000000000000c8       0x20 ./Core/Startup/startup_stm32f303vctx.o
 .debug_ranges  0x00000000000000e8       0xd0 ./Drivers/STM32F3xx_HAL_Driver/Src/stm32f3xx_hal.o
 .debug_ranges  0x00000000000001b8      0x108 ./Drivers/STM32F3xx_HAL_Driver/Src/stm32f3xx_hal_cortex.o
 .debug_ranges  0x00000000000002c0       0x48 ./Drivers/STM32F3xx_HAL_Driver/Src/stm32f3xx_hal_gpio.o
 .debug_ranges  0x0000000000000308       0x78 ./Drivers/STM32F3xx_HAL_Driver/Src/stm32f3xx_hal_rcc.o
 .debug_ranges  0x0000000000000380      0x3d0 ./Drivers/STM32F3xx_HAL_Driver/Src/stm32f3xx_hal_tim.o
 .debug_ranges  0x0000000000000750      0x168 ./Drivers/STM32F3xx_HAL_Driver/Src/stm32f3xx_hal_tim_ex.o
 .debug_ranges  0x00000000000008b8       0x30 ./ThirdParty/FreeRTOS/list.o
 .debug_ranges  0x00000000000008e8      0x120 ./ThirdParty/FreeRTOS/queue.o
 .debug_ranges  0x0000000000000a08      0x1f8 ./ThirdParty/FreeRTOS/tasks.o
 .debug_ranges  0x0000000000000c00       0xd8 ./ThirdParty/FreeRTOS/timers.o
 .debug_ranges  0x0000000000000cd8       0x78 ./ThirdParty/FreeRTOS/portable/GCC/ARM_CM4F/port.o
 .debug_ranges  0x0000000000000d50       0x50 ./ThirdParty/FreeRTOS/portable/MemMang/heap_4.o
 .debug_ranges  0x0000000000000da0       0x18 ./ThirdParty/SEGGER/Config/SEGGER_SYSVIEW_Config_FreeRTOS.o
 .debug_ranges  0x0000000000000db8       0x38 ./ThirdParty/SEGGER/OS/SEGGER_SYSVIEW_FreeRTOS.o
 .debug_ranges  0x0000000000000df0      0x128 ./ThirdParty/SEGGER/SEGGEGR/SEGGER_RTT.o
 .debug_ranges  0x0000000000000f18      0x270 ./ThirdParty/SEGGER/SEGGEGR/SEGGER_SYSVIEW.o

.debug_macro    0x0000000000000000    0x21185
 .debug_macro   0x0000000000000000      0x405 ./Core/Src/main.o
 .debug_macro   0x0000000000000405      0xa7e ./Core/Src/main.o
 .debug_macro   0x0000000000000e83      0x151 ./Core/Src/main.o
 .debug_macro   0x0000000000000fd4       0x2e ./Core/Src/main.o
 .debug_macro   0x0000000000001002       0x28 ./Core/Src/main.o
 .debug_macro   0x000000000000102a       0x22 ./Core/Src/main.o
 .debug_macro   0x000000000000104c       0x8e ./Core/Src/main.o
 .debug_macro   0x00000000000010da       0x51 ./Core/Src/main.o
 .debug_macro   0x000000000000112b      0x103 ./Core/Src/main.o
 .debug_macro   0x000000000000122e       0x6a ./Core/Src/main.o
 .debug_macro   0x0000000000001298      0x1df ./Core/Src/main.o
 .debug_macro   0x0000000000001477       0x1c ./Core/Src/main.o
 .debug_macro   0x0000000000001493       0x22 ./Core/Src/main.o
 .debug_macro   0x00000000000014b5       0xd9 ./Core/Src/main.o
 .debug_macro   0x000000000000158e     0x102d ./Core/Src/main.o
 .debug_macro   0x00000000000025bb      0x11f ./Core/Src/main.o
 .debug_macro   0x00000000000026da    0x12a3a ./Core/Src/main.o
 .debug_macro   0x0000000000015114       0x6d ./Core/Src/main.o
 .debug_macro   0x0000000000015181     0x3540 ./Core/Src/main.o
 .debug_macro   0x00000000000186c1      0x174 ./Core/Src/main.o
 .debug_macro   0x0000000000018835       0x55 ./Core/Src/main.o
 .debug_macro   0x000000000001888a      0x962 ./Core/Src/main.o
 .debug_macro   0x00000000000191ec      0x5fe ./Core/Src/main.o
 .debug_macro   0x00000000000197ea      0x1b6 ./Core/Src/main.o
 .debug_macro   0x00000000000199a0      0x1fb ./Core/Src/main.o
 .debug_macro   0x0000000000019b9b      0x1dc ./Core/Src/main.o
 .debug_macro   0x0000000000019d77      0x1bc ./Core/Src/main.o
 .debug_macro   0x0000000000019f33       0x30 ./Core/Src/main.o
 .debug_macro   0x0000000000019f63       0x3c ./Core/Src/main.o
 .debug_macro   0x0000000000019f9f      0x236 ./Core/Src/main.o
 .debug_macro   0x000000000001a1d5       0xc5 ./Core/Src/main.o
 .debug_macro   0x000000000001a29a      0x21d ./Core/Src/main.o
 .debug_macro   0x000000000001a4b7      0x22c ./Core/Src/main.o
 .debug_macro   0x000000000001a6e3       0x5b ./Core/Src/main.o
 .debug_macro   0x000000000001a73e       0xa5 ./Core/Src/main.o
 .debug_macro   0x000000000001a7e3       0x81 ./Core/Src/main.o
 .debug_macro   0x000000000001a864       0xd3 ./Core/Src/main.o
 .debug_macro   0x000000000001a937      0xa3d ./Core/Src/main.o
 .debug_macro   0x000000000001b374       0x89 ./Core/Src/main.o
 .debug_macro   0x000000000001b3fd      0x275 ./Core/Src/main.o
 .debug_macro   0x000000000001b672      0x160 ./Core/Src/main.o
 .debug_macro   0x000000000001b7d2       0x52 ./Core/Src/main.o
 .debug_macro   0x000000000001b824       0x1e ./Core/Src/main.o
 .debug_macro   0x000000000001b842       0x3c ./Core/Src/main.o
 .debug_macro   0x000000000001b87e       0x34 ./Core/Src/main.o
 .debug_macro   0x000000000001b8b2       0x16 ./Core/Src/main.o
 .debug_macro   0x000000000001b8c8       0x35 ./Core/Src/main.o
 .debug_macro   0x000000000001b8fd      0x341 ./Core/Src/main.o
 .debug_macro   0x000000000001bc3e       0x10 ./Core/Src/main.o
 .debug_macro   0x000000000001bc4e       0x16 ./Core/Src/main.o
 .debug_macro   0x000000000001bc64       0x43 ./Core/Src/main.o
 .debug_macro   0x000000000001bca7       0x34 ./Core/Src/main.o
 .debug_macro   0x000000000001bcdb       0x10 ./Core/Src/main.o
 .debug_macro   0x000000000001bceb       0x58 ./Core/Src/main.o
 .debug_macro   0x000000000001bd43       0x71 ./Core/Src/main.o
 .debug_macro   0x000000000001bdb4       0x1c ./Core/Src/main.o
 .debug_macro   0x000000000001bdd0      0x12a ./Core/Src/main.o
 .debug_macro   0x000000000001befa       0x10 ./Core/Src/main.o
 .debug_macro   0x000000000001bf0a       0x1c ./Core/Src/main.o
 .debug_macro   0x000000000001bf26       0x52 ./Core/Src/main.o
 .debug_macro   0x000000000001bf78       0x22 ./Core/Src/main.o
 .debug_macro   0x000000000001bf9a       0x10 ./Core/Src/main.o
 .debug_macro   0x000000000001bfaa       0x52 ./Core/Src/main.o
 .debug_macro   0x000000000001bffc       0xd5 ./Core/Src/main.o
 .debug_macro   0x000000000001c0d1       0x1c ./Core/Src/main.o
 .debug_macro   0x000000000001c0ed       0x3d ./Core/Src/main.o
 .debug_macro   0x000000000001c12a       0x16 ./Core/Src/main.o
 .debug_macro   0x000000000001c140      0x145 ./Core/Src/main.o
 .debug_macro   0x000000000001c285      0x106 ./Core/Src/main.o
 .debug_macro   0x000000000001c38b       0x4c ./Core/Src/main.o
 .debug_macro   0x000000000001c3d7       0x46 ./Core/Src/main.o
 .debug_macro   0x000000000001c41d       0x64 ./Core/Src/main.o
 .debug_macro   0x000000000001c481       0x49 ./Core/Src/main.o
 .debug_macro   0x000000000001c4ca       0xc3 ./Core/Src/main.o
 .debug_macro   0x000000000001c58d      0x204 ./Core/Src/main.o
 .debug_macro   0x000000000001c791      0x450 ./Core/Src/main.o
 .debug_macro   0x000000000001cbe1      0x15a ./Core/Src/main.o
 .debug_macro   0x000000000001cd3b       0xea ./Core/Src/main.o
 .debug_macro   0x000000000001ce25       0x28 ./Core/Src/main.o
 .debug_macro   0x000000000001ce4d       0x1f ./Core/Src/main.o
 .debug_macro   0x000000000001ce6c       0x12 ./Core/Src/main.o
 .debug_macro   0x000000000001ce7e      0x3f9 ./Core/Src/main.o
 .debug_macro   0x000000000001d277       0xc3 ./Core/Src/main.o
 .debug_macro   0x000000000001d33a      0x120 ./Core/Src/main.o
 .debug_macro   0x000000000001d45a      0x288 ./Core/Src/stm32f3xx_hal_msp.o
 .debug_macro   0x000000000001d6e2      0xa78 ./Core/Src/stm32f3xx_hal_msp.o
 .debug_macro   0x000000000001e15a       0x58 ./Core/Src/stm32f3xx_hal_msp.o
 .debug_macro   0x000000000001e1b2      0x400 ./Core/Src/stm32f3xx_hal_msp.o
 .debug_macro   0x000000000001e5b2      0x1c3 ./Core/Src/stm32f3xx_hal_timebase_tim.o
 .debug_macro   0x000000000001e775      0x1dc ./Core/Src/stm32f3xx_it.o
 .debug_macro   0x000000000001e951      0x1c3 ./Core/Src/system_stm32f3xx.o
 .debug_macro   0x000000000001eb14      0x1e7 ./Drivers/STM32F3xx_HAL_Driver/Src/stm32f3xx_hal.o
 .debug_macro   0x000000000001ecfb      0x1c3 ./Drivers/STM32F3xx_HAL_Driver/Src/stm32f3xx_hal_cortex.o
 .debug_macro   0x000000000001eebe      0x1ca ./Drivers/STM32F3xx_HAL_Driver/Src/stm32f3xx_hal_gpio.o
 .debug_macro   0x000000000001f088      0x1e7 ./Drivers/STM32F3xx_HAL_Driver/Src/stm32f3xx_hal_rcc.o
 .debug_macro   0x000000000001f26f      0x1c4 ./Drivers/STM32F3xx_HAL_Driver/Src/stm32f3xx_hal_tim.o
 .debug_macro   0x000000000001f433      0x1c3 ./Drivers/STM32F3xx_HAL_Driver/Src/stm32f3xx_hal_tim_ex.o
 .debug_macro   0x000000000001f5f6      0x1f9 ./ThirdParty/FreeRTOS/list.o
 .debug_macro   0x000000000001f7ef      0x290 ./ThirdParty/FreeRTOS/queue.o
 .debug_macro   0x000000000001fa7f       0x16 ./ThirdParty/FreeRTOS/queue.o
 .debug_macro   0x000000000001fa95       0x20 ./ThirdParty/FreeRTOS/queue.o
 .debug_macro   0x000000000001fab5       0x80 ./ThirdParty/FreeRTOS/queue.o
 .debug_macro   0x000000000001fb35      0x2e6 ./ThirdParty/FreeRTOS/tasks.o
 .debug_macro   0x000000000001fe1b       0x17 ./ThirdParty/FreeRTOS/tasks.o
 .debug_macro   0x000000000001fe32      0x248 ./ThirdParty/FreeRTOS/timers.o
 .debug_macro   0x000000000002007a       0x97 ./ThirdParty/FreeRTOS/timers.o
 .debug_macro   0x0000000000020111      0x208 ./ThirdParty/FreeRTOS/portable/GCC/ARM_CM4F/port.o
 .debug_macro   0x0000000000020319      0x27a ./ThirdParty/FreeRTOS/portable/MemMang/heap_4.o
 .debug_macro   0x0000000000020593      0x13c ./ThirdParty/SEGGER/Config/SEGGER_SYSVIEW_Config_FreeRTOS.o
 .debug_macro   0x00000000000206cf      0x208 ./ThirdParty/SEGGER/OS/SEGGER_SYSVIEW_FreeRTOS.o
 .debug_macro   0x00000000000208d7      0x1bd ./ThirdParty/SEGGER/SEGGEGR/SEGGER_RTT.o
 .debug_macro   0x0000000000020a94       0x34 ./ThirdParty/SEGGER/SEGGEGR/SEGGER_RTT.o
 .debug_macro   0x0000000000020ac8      0x138 ./ThirdParty/SEGGER/SEGGEGR/SEGGER_RTT.o
 .debug_macro   0x0000000000020c00      0x213 ./ThirdParty/SEGGER/SEGGEGR/SEGGER_SYSVIEW.o
 .debug_macro   0x0000000000020e13      0x204 ./ThirdParty/SEGGER/SEGGEGR/SEGGER_SYSVIEW.o
 .debug_macro   0x0000000000021017      0x16e ./ThirdParty/SEGGER/SEGGEGR/SEGGER_SYSVIEW.o

.debug_line     0x0000000000000000    0x163f8
 .debug_line    0x0000000000000000      0xde0 ./Core/Src/main.o
 .debug_line    0x0000000000000de0      0xa65 ./Core/Src/stm32f3xx_hal_msp.o